Aug 18 07:46:43 yoda NetworkManager[1121]: <info>  [1566125203.0521]   address 10.254.229.243
Aug 18 07:46:43 yoda NetworkManager[1121]: <info>  [1566125203.0521]   plen 24 (255.255.255.0)
Aug 18 07:46:43 yoda NetworkManager[1121]: <info>  [1566125203.0522]   gateway 10.254.229.3
Aug 18 07:46:43 yoda NetworkManager[1121]: <info>  [1566125203.0522]   server identifier 10.254.229.3
Aug 18 07:46:43 yoda NetworkManager[1121]: <info>  [1566125203.0522]   lease time 3600
Aug 18 07:46:43 yoda NetworkManager[1121]: <info>  [1566125203.0522]   nameserver '200.17.202.3'
Aug 18 07:46:43 yoda NetworkManager[1121]: <info>  [1566125203.0523]   nameserver '200.236.31.1'
Aug 18 07:46:43 yoda NetworkManager[1121]: <info>  [1566125203.0523]   domain name 'c3local'
Aug 18 07:46:43 yoda NetworkManager[1121]: <info>  [1566125203.0523]   domain search 'c3local.'
Aug 18 07:46:43 yoda NetworkManager[1121]: <info>  [1566125203.0523]   domain search 'c3sl.ufpr.br.'
Aug 18 07:46:43 yoda NetworkManager[1121]: <info>  [1566125203.0524]   domain search 'inf.ufpr.br.'
Aug 18 07:46:43 yoda NetworkManager[1121]: <info>  [1566125203.0524] dhcp4 (enp7s0f0): state changed bound -> bound
Aug 18 08:15:00 yoda NetworkManager[1121]: <info>  [1566126900.5638]   address 10.254.229.243
Aug 18 08:15:00 yoda NetworkManager[1121]: <info>  [1566126900.5639]   plen 24 (255.255.255.0)
Aug 18 08:15:00 yoda NetworkManager[1121]: <info>  [1566126900.5639]   gateway 10.254.229.3
Aug 18 08:15:00 yoda NetworkManager[1121]: <info>  [1566126900.5639]   server identifier 10.254.229.3
Aug 18 08:15:00 yoda NetworkManager[1121]: <info>  [1566126900.5639]   lease time 3600
Aug 18 08:15:00 yoda NetworkManager[1121]: <info>  [1566126900.5640]   nameserver '200.17.202.3'
Aug 18 08:15:00 yoda NetworkManager[1121]: <info>  [1566126900.5640]   nameserver '200.236.31.1'
Aug 18 08:15:00 yoda NetworkManager[1121]: <info>  [1566126900.5640]   domain name 'c3local'
Aug 18 08:15:00 yoda NetworkManager[1121]: <info>  [1566126900.5640]   domain search 'c3local.'
Aug 18 08:15:00 yoda NetworkManager[1121]: <info>  [1566126900.5641]   domain search 'c3sl.ufpr.br.'
Aug 18 08:15:00 yoda NetworkManager[1121]: <info>  [1566126900.5641]   domain search 'inf.ufpr.br.'
Aug 18 08:15:00 yoda NetworkManager[1121]: <info>  [1566126900.5642] dhcp4 (enp7s0f0): state changed bound -> bound
Aug 18 08:44:25 yoda NetworkManager[1121]: <info>  [1566128665.3437]   address 10.254.229.243
Aug 18 08:44:25 yoda NetworkManager[1121]: <info>  [1566128665.3437]   plen 24 (255.255.255.0)
Aug 18 08:44:25 yoda NetworkManager[1121]: <info>  [1566128665.3438]   gateway 10.254.229.3
Aug 18 08:44:25 yoda NetworkManager[1121]: <info>  [1566128665.3438]   server identifier 10.254.229.3
Aug 18 08:44:25 yoda NetworkManager[1121]: <info>  [1566128665.3438]   lease time 3600
Aug 18 08:44:25 yoda NetworkManager[1121]: <info>  [1566128665.3439]   nameserver '200.17.202.3'
Aug 18 08:44:25 yoda NetworkManager[1121]: <info>  [1566128665.3439]   nameserver '200.236.31.1'
Aug 18 08:44:25 yoda NetworkManager[1121]: <info>  [1566128665.3439]   domain name 'c3local'
Aug 18 08:44:25 yoda NetworkManager[1121]: <info>  [1566128665.3439]   domain search 'c3local.'
Aug 18 08:44:25 yoda NetworkManager[1121]: <info>  [1566128665.3440]   domain search 'c3sl.ufpr.br.'
Aug 18 08:44:25 yoda NetworkManager[1121]: <info>  [1566128665.3440]   domain search 'inf.ufpr.br.'
Aug 18 08:44:25 yoda NetworkManager[1121]: <info>  [1566128665.3440] dhcp4 (enp7s0f0): state changed bound -> bound
Aug 18 09:14:12 yoda NetworkManager[1121]: <info>  [1566130452.5036]   address 10.254.229.243
Aug 18 09:14:12 yoda NetworkManager[1121]: <info>  [1566130452.5037]   plen 24 (255.255.255.0)
Aug 18 09:14:12 yoda NetworkManager[1121]: <info>  [1566130452.5037]   gateway 10.254.229.3
Aug 18 09:14:12 yoda NetworkManager[1121]: <info>  [1566130452.5037]   server identifier 10.254.229.3
Aug 18 09:14:12 yoda NetworkManager[1121]: <info>  [1566130452.5037]   lease time 3600
Aug 18 09:14:12 yoda NetworkManager[1121]: <info>  [1566130452.5038]   nameserver '200.17.202.3'
Aug 18 09:14:12 yoda NetworkManager[1121]: <info>  [1566130452.5038]   nameserver '200.236.31.1'
Aug 18 09:14:12 yoda NetworkManager[1121]: <info>  [1566130452.5038]   domain name 'c3local'
Aug 18 09:14:12 yoda NetworkManager[1121]: <info>  [1566130452.5038]   domain search 'c3local.'
Aug 18 09:14:12 yoda NetworkManager[1121]: <info>  [1566130452.5039]   domain search 'c3sl.ufpr.br.'
Aug 18 09:14:12 yoda NetworkManager[1121]: <info>  [1566130452.5039]   domain search 'inf.ufpr.br.'
Aug 18 09:14:12 yoda NetworkManager[1121]: <info>  [1566130452.5039] dhcp4 (enp7s0f0): state changed bound -> bound
Aug 18 09:39:52 yoda NetworkManager[1121]: <info>  [1566131992.1600]   address 10.254.229.243
Aug 18 09:39:52 yoda NetworkManager[1121]: <info>  [1566131992.1600]   plen 24 (255.255.255.0)
Aug 18 09:39:52 yoda NetworkManager[1121]: <info>  [1566131992.1601]   gateway 10.254.229.3
Aug 18 09:39:52 yoda NetworkManager[1121]: <info>  [1566131992.1601]   server identifier 10.254.229.3
Aug 18 09:39:52 yoda NetworkManager[1121]: <info>  [1566131992.1601]   lease time 3600
Aug 18 09:39:52 yoda NetworkManager[1121]: <info>  [1566131992.1601]   nameserver '200.17.202.3'
Aug 18 09:39:52 yoda NetworkManager[1121]: <info>  [1566131992.1602]   nameserver '200.236.31.1'
Aug 18 09:39:52 yoda NetworkManager[1121]: <info>  [1566131992.1602]   domain name 'c3local'
Aug 18 09:39:52 yoda NetworkManager[1121]: <info>  [1566131992.1602]   domain search 'c3local.'
Aug 18 09:39:52 yoda NetworkManager[1121]: <info>  [1566131992.1602]   domain search 'c3sl.ufpr.br.'
Aug 18 09:39:52 yoda NetworkManager[1121]: <info>  [1566131992.1603]   domain search 'inf.ufpr.br.'
Aug 18 09:39:52 yoda NetworkManager[1121]: <info>  [1566131992.1603] dhcp4 (enp7s0f0): state changed bound -> bound
Aug 18 10:09:44 yoda NetworkManager[1121]: <info>  [1566133784.8955]   address 10.254.229.243
Aug 18 10:09:44 yoda NetworkManager[1121]: <info>  [1566133784.8956]   plen 24 (255.255.255.0)
Aug 18 10:09:44 yoda NetworkManager[1121]: <info>  [1566133784.8956]   gateway 10.254.229.3
Aug 18 10:09:44 yoda NetworkManager[1121]: <info>  [1566133784.8956]   server identifier 10.254.229.3
Aug 18 10:09:44 yoda NetworkManager[1121]: <info>  [1566133784.8957]   lease time 3600
Aug 18 10:09:44 yoda NetworkManager[1121]: <info>  [1566133784.8957]   nameserver '200.17.202.3'
Aug 18 10:09:44 yoda NetworkManager[1121]: <info>  [1566133784.8957]   nameserver '200.236.31.1'
Aug 18 10:09:44 yoda NetworkManager[1121]: <info>  [1566133784.8957]   domain name 'c3local'
Aug 18 10:09:44 yoda NetworkManager[1121]: <info>  [1566133784.8958]   domain search 'c3local.'
Aug 18 10:09:44 yoda NetworkManager[1121]: <info>  [1566133784.8958]   domain search 'c3sl.ufpr.br.'
Aug 18 10:09:44 yoda NetworkManager[1121]: <info>  [1566133784.8958]   domain search 'inf.ufpr.br.'
Aug 18 10:09:44 yoda NetworkManager[1121]: <info>  [1566133784.8959] dhcp4 (enp7s0f0): state changed bound -> bound
Aug 18 10:35:21 yoda NetworkManager[1121]: <info>  [1566135321.1938]   address 10.254.229.243
Aug 18 10:35:21 yoda NetworkManager[1121]: <info>  [1566135321.1939]   plen 24 (255.255.255.0)
Aug 18 10:35:21 yoda NetworkManager[1121]: <info>  [1566135321.1939]   gateway 10.254.229.3
Aug 18 10:35:21 yoda NetworkManager[1121]: <info>  [1566135321.1940]   server identifier 10.254.229.3
Aug 18 10:35:21 yoda NetworkManager[1121]: <info>  [1566135321.1940]   lease time 3600
Aug 18 10:35:21 yoda NetworkManager[1121]: <info>  [1566135321.1940]   nameserver '200.17.202.3'
Aug 18 10:35:21 yoda NetworkManager[1121]: <info>  [1566135321.1940]   nameserver '200.236.31.1'
Aug 18 10:35:21 yoda NetworkManager[1121]: <info>  [1566135321.1941]   domain name 'c3local'
Aug 18 10:35:21 yoda NetworkManager[1121]: <info>  [1566135321.1941]   domain search 'c3local.'
Aug 18 10:35:21 yoda NetworkManager[1121]: <info>  [1566135321.1941]   domain search 'c3sl.ufpr.br.'
Aug 18 10:35:21 yoda NetworkManager[1121]: <info>  [1566135321.1941]   domain search 'inf.ufpr.br.'
Aug 18 10:35:21 yoda NetworkManager[1121]: <info>  [1566135321.1942] dhcp4 (enp7s0f0): state changed bound -> bound
Aug 18 11:01:15 yoda NetworkManager[1121]: <info>  [1566136875.5046]   address 10.254.229.243
Aug 18 11:01:15 yoda NetworkManager[1121]: <info>  [1566136875.5048]   plen 24 (255.255.255.0)
Aug 18 11:01:15 yoda NetworkManager[1121]: <info>  [1566136875.5048]   gateway 10.254.229.3
Aug 18 11:01:15 yoda NetworkManager[1121]: <info>  [1566136875.5049]   server identifier 10.254.229.3
Aug 18 11:01:15 yoda NetworkManager[1121]: <info>  [1566136875.5049]   lease time 3600
Aug 18 11:01:15 yoda NetworkManager[1121]: <info>  [1566136875.5049]   nameserver '200.17.202.3'
Aug 18 11:01:15 yoda NetworkManager[1121]: <info>  [1566136875.5050]   nameserver '200.236.31.1'
Aug 18 11:01:15 yoda NetworkManager[1121]: <info>  [1566136875.5050]   domain name 'c3local'
Aug 18 11:01:15 yoda NetworkManager[1121]: <info>  [1566136875.5050]   domain search 'c3local.'
Aug 18 11:01:15 yoda NetworkManager[1121]: <info>  [1566136875.5051]   domain search 'c3sl.ufpr.br.'
Aug 18 11:01:15 yoda NetworkManager[1121]: <info>  [1566136875.5051]   domain search 'inf.ufpr.br.'
Aug 18 11:01:15 yoda NetworkManager[1121]: <info>  [1566136875.5051] dhcp4 (enp7s0f0): state changed bound -> bound
Aug 18 11:26:01 yoda NetworkManager[1121]: <info>  [1566138361.5470]   address 10.254.229.243
Aug 18 11:26:01 yoda NetworkManager[1121]: <info>  [1566138361.5471]   plen 24 (255.255.255.0)
Aug 18 11:26:01 yoda NetworkManager[1121]: <info>  [1566138361.5471]   gateway 10.254.229.3
Aug 18 11:26:01 yoda NetworkManager[1121]: <info>  [1566138361.5471]   server identifier 10.254.229.3
Aug 18 11:26:01 yoda NetworkManager[1121]: <info>  [1566138361.5472]   lease time 3600
Aug 18 11:26:01 yoda NetworkManager[1121]: <info>  [1566138361.5472]   nameserver '200.17.202.3'
Aug 18 11:26:01 yoda NetworkManager[1121]: <info>  [1566138361.5472]   nameserver '200.236.31.1'
Aug 18 11:26:01 yoda NetworkManager[1121]: <info>  [1566138361.5473]   domain name 'c3local'
Aug 18 11:26:01 yoda NetworkManager[1121]: <info>  [1566138361.5473]   domain search 'c3local.'
Aug 18 11:26:01 yoda NetworkManager[1121]: <info>  [1566138361.5473]   domain search 'c3sl.ufpr.br.'
Aug 18 11:26:01 yoda NetworkManager[1121]: <info>  [1566138361.5474]   domain search 'inf.ufpr.br.'
Aug 18 11:26:01 yoda NetworkManager[1121]: <info>  [1566138361.5474] dhcp4 (enp7s0f0): state changed bound -> bound
Aug 18 11:51:28 yoda NetworkManager[1121]: <info>  [1566139888.7687]   address 10.254.229.243
Aug 18 11:51:28 yoda NetworkManager[1121]: <info>  [1566139888.7688]   plen 24 (255.255.255.0)
Aug 18 11:51:28 yoda NetworkManager[1121]: <info>  [1566139888.7688]   gateway 10.254.229.3
Aug 18 11:51:28 yoda NetworkManager[1121]: <info>  [1566139888.7688]   server identifier 10.254.229.3
Aug 18 11:51:28 yoda NetworkManager[1121]: <info>  [1566139888.7689]   lease time 3600
Aug 18 11:51:28 yoda NetworkManager[1121]: <info>  [1566139888.7689]   nameserver '200.17.202.3'
Aug 18 11:51:28 yoda NetworkManager[1121]: <info>  [1566139888.7689]   nameserver '200.236.31.1'
Aug 18 11:51:28 yoda NetworkManager[1121]: <info>  [1566139888.7689]   domain name 'c3local'
Aug 18 11:51:28 yoda NetworkManager[1121]: <info>  [1566139888.7690]   domain search 'c3local.'
Aug 18 11:51:28 yoda NetworkManager[1121]: <info>  [1566139888.7690]   domain search 'c3sl.ufpr.br.'
Aug 18 11:51:28 yoda NetworkManager[1121]: <info>  [1566139888.7690]   domain search 'inf.ufpr.br.'
Aug 18 11:51:28 yoda NetworkManager[1121]: <info>  [1566139888.7691] dhcp4 (enp7s0f0): state changed bound -> bound
Aug 19 09:33:03 yoda kernel: [    0.000000] Initializing cgroup subsys cpuset
Aug 19 09:33:03 yoda kernel: [    0.000000] Initializing cgroup subsys cpu
Aug 19 09:33:03 yoda kernel: [    0.000000] Initializing cgroup subsys cpuacct
Aug 19 09:33:03 yoda kernel: [    0.000000] Linux version 4.4.0-66-generic (buildd@lgw01-28) (gcc version 5.4.0 20160609 (Ubuntu 5.4.0-6ubuntu1~16.04.4) ) #87-Ubuntu SMP Fri Mar 3 15:29:05 UTC 2017 (Ubuntu 4.4.0-66.87-generic 4.4.44)
Aug 19 09:33:03 yoda kernel: [    0.000000] Command line: BOOT_IMAGE=/vmlinuz-4.4.0-66-generic root=/dev/mapper/mint--vg-root ro quiet splash
Aug 19 09:33:03 yoda kernel: [    0.000000] KERNEL supported cpus:
Aug 19 09:33:03 yoda kernel: [    0.000000]   Intel GenuineIntel
Aug 19 09:33:03 yoda kernel: [    0.000000]   AMD AuthenticAMD
Aug 19 09:33:03 yoda kernel: [    0.000000]   Centaur CentaurHauls
Aug 19 09:33:03 yoda kernel: [    0.000000] x86/fpu: xstate_offset[2]:  576, xstate_sizes[2]:  256
Aug 19 09:33:03 yoda kernel: [    0.000000] x86/fpu: xstate_offset[3]:  960, xstate_sizes[3]:   64
Aug 19 09:33:03 yoda kernel: [    0.000000] x86/fpu: xstate_offset[4]: 1024, xstate_sizes[4]:   64
Aug 19 09:33:03 yoda kernel: [    0.000000] x86/fpu: Supporting XSAVE feature 0x01: 'x87 floating point registers'
Aug 19 09:33:03 yoda kernel: [    0.000000] x86/fpu: Supporting XSAVE feature 0x02: 'SSE registers'
Aug 19 09:33:03 yoda kernel: [    0.000000] x86/fpu: Supporting XSAVE feature 0x04: 'AVX registers'
Aug 19 09:33:03 yoda kernel: [    0.000000] x86/fpu: Supporting XSAVE feature 0x08: 'MPX bounds registers'
Aug 19 09:33:03 yoda kernel: [    0.000000] x86/fpu: Supporting XSAVE feature 0x10: 'MPX CSR'
Aug 19 09:33:03 yoda kernel: [    0.000000] x86/fpu: Enabled xstate features 0x1f, context size is 1088 bytes, using 'standard' format.
Aug 19 09:33:03 yoda kernel: [    0.000000] x86/fpu: Using 'eager' FPU context switches.
Aug 19 09:33:03 yoda kernel: [    0.000000] e820: BIOS-provided physical RAM map:
Aug 19 09:33:03 yoda kernel: [    0.000000] BIOS-e820: [mem 0x0000000000000000-0x0000000000098bff] usable
Aug 19 09:33:03 yoda kernel: [    0.000000] BIOS-e820: [mem 0x0000000000098c00-0x000000000009ffff] reserved
Aug 19 09:33:03 yoda kernel: [    0.000000] BIOS-e820: [mem 0x00000000000e0000-0x00000000000fffff] reserved
Aug 19 09:33:03 yoda kernel: [    0.000000] BIOS-e820: [mem 0x0000000000100000-0x000000006f92dfff] usable
Aug 19 09:33:03 yoda kernel: [    0.000000] BIOS-e820: [mem 0x000000006f92e000-0x000000006f92efff] ACPI NVS
Aug 19 09:33:03 yoda kernel: [    0.000000] BIOS-e820: [mem 0x000000006f92f000-0x000000006f978fff] reserved
Aug 19 09:33:03 yoda kernel: [    0.000000] BIOS-e820: [mem 0x000000006f979000-0x000000006f9ccfff] usable
Aug 19 09:33:03 yoda kernel: [    0.000000] BIOS-e820: [mem 0x000000006f9cd000-0x00000000701fdfff] reserved
Aug 19 09:33:03 yoda kernel: [    0.000000] BIOS-e820: [mem 0x00000000701fe000-0x0000000076e58fff] usable
Aug 19 09:33:03 yoda kernel: [    0.000000] BIOS-e820: [mem 0x0000000076e59000-0x00000000777aafff] reserved
Aug 19 09:33:03 yoda kernel: [    0.000000] BIOS-e820: [mem 0x00000000777ab000-0x0000000077f99fff] ACPI NVS
Aug 19 09:33:03 yoda kernel: [    0.000000] BIOS-e820: [mem 0x0000000077f9a000-0x0000000077ffefff] ACPI data
Aug 19 09:33:03 yoda kernel: [    0.000000] BIOS-e820: [mem 0x0000000077fff000-0x0000000077ffffff] usable
Aug 19 09:33:03 yoda kernel: [    0.000000] BIOS-e820: [mem 0x0000000078000000-0x00000000780fffff] reserved
Aug 19 09:33:03 yoda kernel: [    0.000000] BIOS-e820: [mem 0x00000000e0000000-0x00000000efffffff] reserved
Aug 19 09:33:03 yoda kernel: [    0.000000] BIOS-e820: [mem 0x00000000fe000000-0x00000000fe010fff] reserved
Aug 19 09:33:03 yoda kernel: [    0.000000] BIOS-e820: [mem 0x00000000fec00000-0x00000000fec00fff] reserved
Aug 19 09:33:03 yoda kernel: [    0.000000] BIOS-e820: [mem 0x00000000fee00000-0x00000000fee00fff] reserved
Aug 19 09:33:03 yoda kernel: [    0.000000] BIOS-e820: [mem 0x00000000ff000000-0x00000000ffffffff] reserved
Aug 19 09:33:03 yoda kernel: [    0.000000] BIOS-e820: [mem 0x0000000100000000-0x0000000474ffffff] usable
Aug 19 09:33:03 yoda kernel: [    0.000000] NX (Execute Disable) protection: active
Aug 19 09:33:03 yoda kernel: [    0.000000] SMBIOS 3.0 present.
Aug 19 09:33:03 yoda kernel: [    0.000000] DMI: Daten Tecnologia Ltda DC2C-S/DATEN DB150PRO, BIOS daten - 1072009 09/21/2015
Aug 19 09:33:03 yoda kernel: [    0.000000] e820: update [mem 0x00000000-0x00000fff] usable ==> reserved
Aug 19 09:33:03 yoda kernel: [    0.000000] e820: remove [mem 0x000a0000-0x000fffff] usable
Aug 19 09:33:03 yoda kernel: [    0.000000] e820: last_pfn = 0x475000 max_arch_pfn = 0x400000000
Aug 19 09:33:03 yoda kernel: [    0.000000] MTRR default type: write-back
Aug 19 09:33:03 yoda kernel: [    0.000000] MTRR fixed ranges enabled:
Aug 19 09:33:03 yoda kernel: [    0.000000]   00000-9FFFF write-back
Aug 19 09:33:03 yoda kernel: [    0.000000]   A0000-BFFFF uncachable
Aug 19 09:33:03 yoda kernel: [    0.000000]   C0000-FFFFF write-protect
Aug 19 09:33:03 yoda kernel: [    0.000000] MTRR variable ranges enabled:
Aug 19 09:33:03 yoda kernel: [    0.000000]   0 base 0080000000 mask 7F80000000 uncachable
Aug 19 09:33:03 yoda kernel: [    0.000000]   1 base 007C000000 mask 7FFC000000 uncachable
Aug 19 09:33:03 yoda kernel: [    0.000000]   2 base 007A000000 mask 7FFE000000 uncachable
Aug 19 09:33:03 yoda kernel: [    0.000000]   3 base 0079000000 mask 7FFF000000 uncachable
Aug 19 09:33:03 yoda kernel: [    0.000000]   4 base 0078800000 mask 7FFF800000 uncachable
Aug 19 09:33:03 yoda kernel: [    0.000000]   5 disabled
Aug 19 09:33:03 yoda kernel: [    0.000000]   6 disabled
Aug 19 09:33:03 yoda kernel: [    0.000000]   7 disabled
Aug 19 09:33:03 yoda kernel: [    0.000000]   8 disabled
Aug 19 09:33:03 yoda kernel: [    0.000000]   9 disabled
Aug 19 09:33:03 yoda kernel: [    0.000000] x86/PAT: Configuration [0-7]: WB  WC  UC- UC  WB  WC  UC- WT  
Aug 19 09:33:03 yoda kernel: [    0.000000] e820: last_pfn = 0x78000 max_arch_pfn = 0x400000000
Aug 19 09:33:03 yoda kernel: [    0.000000] found SMP MP-table at [mem 0x000fc7b0-0x000fc7bf] mapped at [ffff8800000fc7b0]
Aug 19 09:33:03 yoda kernel: [    0.000000] Scanning 1 areas for low memory corruption
Aug 19 09:33:03 yoda kernel: [    0.000000] Base memory trampoline at [ffff880000092000] 92000 size 24576
Aug 19 09:33:03 yoda kernel: [    0.000000] Using GB pages for direct mapping
Aug 19 09:33:03 yoda kernel: [    0.000000] BRK [0x0220c000, 0x0220cfff] PGTABLE
Aug 19 09:33:03 yoda kernel: [    0.000000] BRK [0x0220d000, 0x0220dfff] PGTABLE
Aug 19 09:33:03 yoda kernel: [    0.000000] BRK [0x0220e000, 0x0220efff] PGTABLE
Aug 19 09:33:03 yoda kernel: [    0.000000] BRK [0x0220f000, 0x0220ffff] PGTABLE
Aug 19 09:33:03 yoda kernel: [    0.000000] BRK [0x02210000, 0x02210fff] PGTABLE
Aug 19 09:33:03 yoda kernel: [    0.000000] BRK [0x02211000, 0x02211fff] PGTABLE
Aug 19 09:33:03 yoda kernel: [    0.000000] RAMDISK: [mem 0x33026000-0x3580afff]
Aug 19 09:33:03 yoda kernel: [    0.000000] ACPI: Early table checksum verification disabled
Aug 19 09:33:03 yoda kernel: [    0.000000] ACPI: RSDP 0x00000000000F05B0 000024 (v02 ALASKA)
Aug 19 09:33:03 yoda kernel: [    0.000000] ACPI: XSDT 0x0000000077F330A8 0000CC (v01 daten  DT02     01072009 AMI  00010013)
Aug 19 09:33:03 yoda kernel: [    0.000000] ACPI: FACP 0x0000000077F560A0 00010C (v05 ALASKA A M I    01072009 AMI  00010013)
Aug 19 09:33:03 yoda kernel: [    0.000000] ACPI: DSDT 0x0000000077F33208 022E97 (v02 ALASKA A M I    01072009 INTL 20120913)
Aug 19 09:33:03 yoda kernel: [    0.000000] ACPI: FACS 0x0000000077F99F80 000040
Aug 19 09:33:03 yoda kernel: [    0.000000] ACPI: APIC 0x0000000077F561B0 0000BC (v03 ALASKA A M I    01072009 AMI  00010013)
Aug 19 09:33:03 yoda kernel: [    0.000000] ACPI: FPDT 0x0000000077F56270 000044 (v01 ALASKA A M I    01072009 AMI  00010013)
Aug 19 09:33:03 yoda kernel: [    0.000000] ACPI: FIDT 0x0000000077F562B8 00009C (v01 ALASKA A M I    01072009 AMI  00010013)
Aug 19 09:33:03 yoda kernel: [    0.000000] ACPI: MCFG 0x0000000077F56358 00003C (v01 ALASKA A M I    01072009 MSFT 00000097)
Aug 19 09:33:03 yoda kernel: [    0.000000] ACPI: HPET 0x0000000077F56398 000038 (v01 ALASKA A M I    01072009 AMI. 0005000B)
Aug 19 09:33:03 yoda kernel: [    0.000000] ACPI: SSDT 0x0000000077F563D0 00036D (v01 SataRe SataTabl 00001000 INTL 20120913)
Aug 19 09:33:03 yoda kernel: [    0.000000] ACPI: LPIT 0x0000000077F56740 000094 (v01 INTEL  SKL      00000000 MSFT 0000005F)
Aug 19 09:33:03 yoda kernel: [    0.000000] ACPI: SSDT 0x0000000077F567D8 00002B (v02 INTEL  UsbCTabl 00001000 INTL 20120913)
Aug 19 09:33:03 yoda kernel: [    0.000000] ACPI: DBGP 0x0000000077F56808 000034 (v01 INTEL           00000000 MSFT 0000005F)
Aug 19 09:33:03 yoda kernel: [    0.000000] ACPI: DBG2 0x0000000077F56840 000054 (v00 INTEL           00000000 MSFT 0000005F)
Aug 19 09:33:03 yoda kernel: [    0.000000] ACPI: SSDT 0x0000000077F56898 000617 (v02 INTEL  xh_rvp08 00000000 INTL 20120913)
Aug 19 09:33:03 yoda kernel: [    0.000000] ACPI: AAFT 0x0000000077F56EB0 0000C0 (v01 ALASKA OEMAAFT  01072009 MSFT 00000097)
Aug 19 09:33:03 yoda kernel: [    0.000000] ACPI: SLIC 0x0000000077F56F70 000176 (v01 daten  DT02     01072009 AMI  00010013)
Aug 19 09:33:03 yoda kernel: [    0.000000] ACPI: SSDT 0x0000000077F570E8 005212 (v02 SaSsdt SaSsdt   00003000 INTL 20120913)
Aug 19 09:33:03 yoda kernel: [    0.000000] ACPI: UEFI 0x0000000077F5C300 000042 (v01                 00000000      00000000)
Aug 19 09:33:03 yoda kernel: [    0.000000] ACPI: SSDT 0x0000000077F5C348 000E58 (v02 CpuRef CpuSsdt  00003000 INTL 20120913)
Aug 19 09:33:03 yoda kernel: [    0.000000] ACPI: SPCR 0x0000000077F5D1A0 000050 (v02 A M I  APTIO V  01072009 AMI. 0005000B)
Aug 19 09:33:03 yoda kernel: [    0.000000] ACPI: DMAR 0x0000000077F5D1F0 0000A8 (v01 INTEL  SKL      00000001 INTL 00000001)
Aug 19 09:33:03 yoda kernel: [    0.000000] ACPI: TPM2 0x0000000077F5D298 000034 (v03        Tpm2Tabl 00000001 AMI  00000000)
Aug 19 09:33:03 yoda kernel: [    0.000000] ACPI: ASF! 0x0000000077F5D2D0 0000A5 (v32 INTEL   HCG     00000001 TFSM 000F4240)
Aug 19 09:33:03 yoda kernel: [    0.000000] ACPI: Local APIC address 0xfee00000
Aug 19 09:33:03 yoda kernel: [    0.000000] No NUMA configuration found
Aug 19 09:33:03 yoda kernel: [    0.000000] Faking a node at [mem 0x0000000000000000-0x0000000474ffffff]
Aug 19 09:33:03 yoda kernel: [    0.000000] NODE_DATA(0) allocated [mem 0x474ff8000-0x474ffcfff]
Aug 19 09:33:03 yoda kernel: [    0.000000] Zone ranges:
Aug 19 09:33:03 yoda kernel: [    0.000000]   DMA      [mem 0x0000000000001000-0x0000000000ffffff]
Aug 19 09:33:03 yoda kernel: [    0.000000]   DMA32    [mem 0x0000000001000000-0x00000000ffffffff]
Aug 19 09:33:03 yoda kernel: [    0.000000]   Normal   [mem 0x0000000100000000-0x0000000474ffffff]
Aug 19 09:33:03 yoda kernel: [    0.000000]   Device   empty
Aug 19 09:33:03 yoda kernel: [    0.000000] Movable zone start for each node
Aug 19 09:33:03 yoda kernel: [    0.000000] Early memory node ranges
Aug 19 09:33:03 yoda kernel: [    0.000000]   node   0: [mem 0x0000000000001000-0x0000000000097fff]
Aug 19 09:33:03 yoda kernel: [    0.000000]   node   0: [mem 0x0000000000100000-0x000000006f92dfff]
Aug 19 09:33:03 yoda kernel: [    0.000000]   node   0: [mem 0x000000006f979000-0x000000006f9ccfff]
Aug 19 09:33:03 yoda kernel: [    0.000000]   node   0: [mem 0x00000000701fe000-0x0000000076e58fff]
Aug 19 09:33:03 yoda kernel: [    0.000000]   node   0: [mem 0x0000000077fff000-0x0000000077ffffff]
Aug 19 09:33:03 yoda kernel: [    0.000000]   node   0: [mem 0x0000000100000000-0x0000000474ffffff]
Aug 19 09:33:03 yoda kernel: [    0.000000] Initmem setup node 0 [mem 0x0000000000001000-0x0000000474ffffff]
Aug 19 09:33:03 yoda kernel: [    0.000000] On node 0 totalpages: 4109685
Aug 19 09:33:03 yoda kernel: [    0.000000]   DMA zone: 64 pages used for memmap
Aug 19 09:33:03 yoda kernel: [    0.000000]   DMA zone: 21 pages reserved
Aug 19 09:33:03 yoda kernel: [    0.000000]   DMA zone: 3991 pages, LIFO batch:0
Aug 19 09:33:03 yoda kernel: [    0.000000]   DMA32 zone: 7512 pages used for memmap
Aug 19 09:33:03 yoda kernel: [    0.000000]   DMA32 zone: 480734 pages, LIFO batch:31
Aug 19 09:33:03 yoda kernel: [    0.000000]   Normal zone: 56640 pages used for memmap
Aug 19 09:33:03 yoda kernel: [    0.000000]   Normal zone: 3624960 pages, LIFO batch:31
Aug 19 09:33:03 yoda kernel: [    0.000000] Reserving Intel graphics stolen memory at 0x79000000-0x88ffffff
Aug 19 09:33:03 yoda kernel: [    0.000000] ACPI: PM-Timer IO Port: 0x1808
Aug 19 09:33:03 yoda kernel: [    0.000000] ACPI: Local APIC address 0xfee00000
Aug 19 09:33:03 yoda kernel: [    0.000000] ACPI: LAPIC_NMI (acpi_id[0x01] high edge lint[0x1])
Aug 19 09:33:03 yoda kernel: [    0.000000] ACPI: LAPIC_NMI (acpi_id[0x02] high edge lint[0x1])
Aug 19 09:33:03 yoda kernel: [    0.000000] ACPI: LAPIC_NMI (acpi_id[0x03] high edge lint[0x1])
Aug 19 09:33:03 yoda kernel: [    0.000000] ACPI: LAPIC_NMI (acpi_id[0x04] high edge lint[0x1])
Aug 19 09:33:03 yoda kernel: [    0.000000] ACPI: LAPIC_NMI (acpi_id[0x05] high edge lint[0x1])
Aug 19 09:33:03 yoda kernel: [    0.000000] ACPI: LAPIC_NMI (acpi_id[0x06] high edge lint[0x1])
Aug 19 09:33:03 yoda kernel: [    0.000000] ACPI: LAPIC_NMI (acpi_id[0x07] high edge lint[0x1])
Aug 19 09:33:03 yoda kernel: [    0.000000] ACPI: LAPIC_NMI (acpi_id[0x08] high edge lint[0x1])
Aug 19 09:33:03 yoda kernel: [    0.000000] IOAPIC[0]: apic_id 2, version 32, address 0xfec00000, GSI 0-119
Aug 19 09:33:03 yoda kernel: [    0.000000] ACPI: INT_SRC_OVR (bus 0 bus_irq 0 global_irq 2 dfl dfl)
Aug 19 09:33:03 yoda kernel: [    0.000000] ACPI: INT_SRC_OVR (bus 0 bus_irq 9 global_irq 9 high level)
Aug 19 09:33:03 yoda kernel: [    0.000000] ACPI: IRQ0 used by override.
Aug 19 09:33:03 yoda kernel: [    0.000000] ACPI: IRQ9 used by override.
Aug 19 09:33:03 yoda kernel: [    0.000000] Using ACPI (MADT) for SMP configuration information
Aug 19 09:33:03 yoda kernel: [    0.000000] ACPI: HPET id: 0x8086a701 base: 0xfed00000
Aug 19 09:33:03 yoda kernel: [    0.000000] smpboot: Allowing 8 CPUs, 0 hotplug CPUs
Aug 19 09:33:03 yoda kernel: [    0.000000] PM: Registered nosave memory: [mem 0x00000000-0x00000fff]
Aug 19 09:33:03 yoda kernel: [    0.000000] PM: Registered nosave memory: [mem 0x00098000-0x00098fff]
Aug 19 09:33:03 yoda kernel: [    0.000000] PM: Registered nosave memory: [mem 0x00099000-0x0009ffff]
Aug 19 09:33:03 yoda kernel: [    0.000000] PM: Registered nosave memory: [mem 0x000a0000-0x000dffff]
Aug 19 09:33:03 yoda kernel: [    0.000000] PM: Registered nosave memory: [mem 0x000e0000-0x000fffff]
Aug 19 09:33:03 yoda kernel: [    0.000000] PM: Registered nosave memory: [mem 0x6f92e000-0x6f92efff]
Aug 19 09:33:03 yoda kernel: [    0.000000] PM: Registered nosave memory: [mem 0x6f92f000-0x6f978fff]
Aug 19 09:33:03 yoda kernel: [    0.000000] PM: Registered nosave memory: [mem 0x6f9cd000-0x701fdfff]
Aug 19 09:33:03 yoda kernel: [    0.000000] PM: Registered nosave memory: [mem 0x76e59000-0x777aafff]
Aug 19 09:33:03 yoda kernel: [    0.000000] PM: Registered nosave memory: [mem 0x777ab000-0x77f99fff]
Aug 19 09:33:03 yoda kernel: [    0.000000] PM: Registered nosave memory: [mem 0x77f9a000-0x77ffefff]
Aug 19 09:33:03 yoda kernel: [    0.000000] PM: Registered nosave memory: [mem 0x78000000-0x780fffff]
Aug 19 09:33:03 yoda kernel: [    0.000000] PM: Registered nosave memory: [mem 0x78100000-0x78ffffff]
Aug 19 09:33:03 yoda kernel: [    0.000000] PM: Registered nosave memory: [mem 0x79000000-0x88ffffff]
Aug 19 09:33:03 yoda kernel: [    0.000000] PM: Registered nosave memory: [mem 0x89000000-0xdfffffff]
Aug 19 09:33:03 yoda kernel: [    0.000000] PM: Registered nosave memory: [mem 0xe0000000-0xefffffff]
Aug 19 09:33:03 yoda kernel: [    0.000000] PM: Registered nosave memory: [mem 0xf0000000-0xfdffffff]
Aug 19 09:33:03 yoda kernel: [    0.000000] PM: Registered nosave memory: [mem 0xfe000000-0xfe010fff]
Aug 19 09:33:03 yoda kernel: [    0.000000] PM: Registered nosave memory: [mem 0xfe011000-0xfebfffff]
Aug 19 09:33:03 yoda kernel: [    0.000000] PM: Registered nosave memory: [mem 0xfec00000-0xfec00fff]
Aug 19 09:33:03 yoda kernel: [    0.000000] PM: Registered nosave memory: [mem 0xfec01000-0xfedfffff]
Aug 19 09:33:03 yoda kernel: [    0.000000] PM: Registered nosave memory: [mem 0xfee00000-0xfee00fff]
Aug 19 09:33:03 yoda kernel: [    0.000000] PM: Registered nosave memory: [mem 0xfee01000-0xfeffffff]
Aug 19 09:33:03 yoda kernel: [    0.000000] PM: Registered nosave memory: [mem 0xff000000-0xffffffff]
Aug 19 09:33:03 yoda kernel: [    0.000000] e820: [mem 0x89000000-0xdfffffff] available for PCI devices
Aug 19 09:33:03 yoda kernel: [    0.000000] Booting paravirtualized kernel on bare hardware
Aug 19 09:33:03 yoda kernel: [    0.000000] clocksource: refined-jiffies: mask: 0xffffffff max_cycles: 0xffffffff, max_idle_ns: 7645519600211568 ns
Aug 19 09:33:03 yoda kernel: [    0.000000] setup_percpu: NR_CPUS:512 nr_cpumask_bits:512 nr_cpu_ids:8 nr_node_ids:1
Aug 19 09:33:03 yoda kernel: [    0.000000] PERCPU: Embedded 33 pages/cpu @ffff880474c00000 s98264 r8192 d28712 u262144
Aug 19 09:33:03 yoda kernel: [    0.000000] pcpu-alloc: s98264 r8192 d28712 u262144 alloc=1*2097152
Aug 19 09:33:03 yoda kernel: [    0.000000] pcpu-alloc: [0] 0 1 2 3 4 5 6 7 
Aug 19 09:33:03 yoda kernel: [    0.000000] Built 1 zonelists in Node order, mobility grouping on.  Total pages: 4045448
Aug 19 09:33:03 yoda kernel: [    0.000000] Policy zone: Normal
Aug 19 09:33:03 yoda kernel: [    0.000000] Kernel command line: BOOT_IMAGE=/vmlinuz-4.4.0-66-generic root=/dev/mapper/mint--vg-root ro quiet splash
Aug 19 09:33:03 yoda kernel: [    0.000000] PID hash table entries: 4096 (order: 3, 32768 bytes)
Aug 19 09:33:03 yoda kernel: [    0.000000] Calgary: detecting Calgary via BIOS EBDA area
Aug 19 09:33:03 yoda kernel: [    0.000000] Calgary: Unable to locate Rio Grande table in EBDA - bailing!
Aug 19 09:33:03 yoda kernel: [    0.000000] Memory: 16053860K/16438740K available (8452K kernel code, 1293K rwdata, 3980K rodata, 1488K init, 1316K bss, 384880K reserved, 0K cma-reserved)
Aug 19 09:33:03 yoda kernel: [    0.000000] SLUB: HWalign=64, Order=0-3, MinObjects=0, CPUs=8, Nodes=1
Aug 19 09:33:03 yoda kernel: [    0.000000] Hierarchical RCU implementation.
Aug 19 09:33:03 yoda kernel: [    0.000000] 	Build-time adjustment of leaf fanout to 64.
Aug 19 09:33:03 yoda kernel: [    0.000000] 	RCU restricting CPUs from NR_CPUS=512 to nr_cpu_ids=8.
Aug 19 09:33:03 yoda kernel: [    0.000000] RCU: Adjusting geometry for rcu_fanout_leaf=64, nr_cpu_ids=8
Aug 19 09:33:03 yoda kernel: [    0.000000] NR_IRQS:33024 nr_irqs:2048 16
Aug 19 09:33:03 yoda kernel: [    0.000000] Console: colour VGA+ 80x25
Aug 19 09:33:03 yoda kernel: [    0.000000] console [tty0] enabled
Aug 19 09:33:03 yoda kernel: [    0.000000] clocksource: hpet: mask: 0xffffffff max_cycles: 0xffffffff, max_idle_ns: 79635855245 ns
Aug 19 09:33:03 yoda kernel: [    0.000000] hpet clockevent registered
Aug 19 09:33:03 yoda kernel: [    0.000000] tsc: Unable to calibrate against PIT
Aug 19 09:33:03 yoda kernel: [    0.000000] tsc: using HPET reference calibration
Aug 19 09:33:03 yoda kernel: [    0.000000] tsc: Detected 3408.308 MHz processor
Aug 19 09:33:03 yoda kernel: [    0.000020] Calibrating delay loop (skipped), value calculated using timer frequency.. 6816.61 BogoMIPS (lpj=13633232)
Aug 19 09:33:03 yoda kernel: [    0.000022] pid_max: default: 32768 minimum: 301
Aug 19 09:33:03 yoda kernel: [    0.000025] ACPI: Core revision 20150930
Aug 19 09:33:03 yoda kernel: [    0.017034] ACPI Error: [\_SB_.PCI0.XHC_.RHUB.HS11] Namespace lookup failure, AE_NOT_FOUND (20150930/dswload-210)
Aug 19 09:33:03 yoda kernel: [    0.017037] ACPI Exception: AE_NOT_FOUND, During name lookup/catalog (20150930/psobject-227)
Aug 19 09:33:03 yoda kernel: [    0.017064] ACPI Exception: AE_NOT_FOUND, (SSDT:xh_rvp08) while loading table (20150930/tbxfload-193)
Aug 19 09:33:03 yoda kernel: [    0.022985] ACPI Error: 1 table load failures, 5 successful (20150930/tbxfload-214)
Aug 19 09:33:03 yoda kernel: [    0.022998] Security Framework initialized
Aug 19 09:33:03 yoda kernel: [    0.022999] Yama: becoming mindful.
Aug 19 09:33:03 yoda kernel: [    0.023010] AppArmor: AppArmor initialized
Aug 19 09:33:03 yoda kernel: [    0.023782] Dentry cache hash table entries: 2097152 (order: 12, 16777216 bytes)
Aug 19 09:33:03 yoda kernel: [    0.025795] Inode-cache hash table entries: 1048576 (order: 11, 8388608 bytes)
Aug 19 09:33:03 yoda kernel: [    0.026649] Mount-cache hash table entries: 32768 (order: 6, 262144 bytes)
Aug 19 09:33:03 yoda kernel: [    0.026661] Mountpoint-cache hash table entries: 32768 (order: 6, 262144 bytes)
Aug 19 09:33:03 yoda kernel: [    0.026807] Initializing cgroup subsys io
Aug 19 09:33:03 yoda kernel: [    0.026809] Initializing cgroup subsys memory
Aug 19 09:33:03 yoda kernel: [    0.026812] Initializing cgroup subsys devices
Aug 19 09:33:03 yoda kernel: [    0.026814] Initializing cgroup subsys freezer
Aug 19 09:33:03 yoda kernel: [    0.026815] Initializing cgroup subsys net_cls
Aug 19 09:33:03 yoda kernel: [    0.026817] Initializing cgroup subsys perf_event
Aug 19 09:33:03 yoda kernel: [    0.026818] Initializing cgroup subsys net_prio
Aug 19 09:33:03 yoda kernel: [    0.026820] Initializing cgroup subsys hugetlb
Aug 19 09:33:03 yoda kernel: [    0.026821] Initializing cgroup subsys pids
Aug 19 09:33:03 yoda kernel: [    0.026839] CPU: Physical Processor ID: 0
Aug 19 09:33:03 yoda kernel: [    0.026840] CPU: Processor Core ID: 0
Aug 19 09:33:03 yoda kernel: [    0.026843] ENERGY_PERF_BIAS: Set to 'normal', was 'performance'
Aug 19 09:33:03 yoda kernel: [    0.026843] ENERGY_PERF_BIAS: View and update with x86_energy_perf_policy(8)
Aug 19 09:33:03 yoda kernel: [    0.027843] mce: CPU supports 10 MCE banks
Aug 19 09:33:03 yoda kernel: [    0.027856] CPU0: Thermal monitoring enabled (TM1)
Aug 19 09:33:03 yoda kernel: [    0.027864] process: using mwait in idle threads
Aug 19 09:33:03 yoda kernel: [    0.027866] Last level iTLB entries: 4KB 64, 2MB 8, 4MB 8
Aug 19 09:33:03 yoda kernel: [    0.027867] Last level dTLB entries: 4KB 64, 2MB 0, 4MB 0, 1GB 4
Aug 19 09:33:03 yoda kernel: [    0.028142] Freeing SMP alternatives memory: 32K (ffffffff820b9000 - ffffffff820c1000)
Aug 19 09:33:03 yoda kernel: [    0.029559] ftrace: allocating 32123 entries in 126 pages
Aug 19 09:33:03 yoda kernel: [    0.038822] smpboot: APIC(0) Converting physical 0 to logical package 0
Aug 19 09:33:03 yoda kernel: [    0.038823] smpboot: Max logical packages: 2
Aug 19 09:33:03 yoda kernel: [    0.038826] DMAR: Host address width 39
Aug 19 09:33:03 yoda kernel: [    0.038827] DMAR: DRHD base: 0x000000fed90000 flags: 0x0
Aug 19 09:33:03 yoda kernel: [    0.038832] DMAR: dmar0: reg_base_addr fed90000 ver 1:0 cap 1c0000c40660462 ecap 7e3ff0505e
Aug 19 09:33:03 yoda kernel: [    0.038833] DMAR: DRHD base: 0x000000fed91000 flags: 0x1
Aug 19 09:33:03 yoda kernel: [    0.038836] DMAR: dmar1: reg_base_addr fed91000 ver 1:0 cap d2008c40660462 ecap f050da
Aug 19 09:33:03 yoda kernel: [    0.038836] DMAR: RMRR base: 0x00000077525000 end: 0x00000077544fff
Aug 19 09:33:03 yoda kernel: [    0.038837] DMAR: RMRR base: 0x00000078800000 end: 0x00000088ffffff
Aug 19 09:33:03 yoda kernel: [    0.038839] DMAR-IR: IOAPIC id 2 under DRHD base  0xfed91000 IOMMU 1
Aug 19 09:33:03 yoda kernel: [    0.038839] DMAR-IR: HPET id 0 under DRHD base 0xfed91000
Aug 19 09:33:03 yoda kernel: [    0.038840] DMAR-IR: x2apic is disabled because BIOS sets x2apic opt out bit.
Aug 19 09:33:03 yoda kernel: [    0.038841] DMAR-IR: Use 'intremap=no_x2apic_optout' to override the BIOS setting.
Aug 19 09:33:03 yoda kernel: [    0.040204] DMAR-IR: Enabled IRQ remapping in xapic mode
Aug 19 09:33:03 yoda kernel: [    0.040205] x2apic: IRQ remapping doesn't support X2APIC mode
Aug 19 09:33:03 yoda kernel: [    0.044106] ..TIMER: vector=0x30 apic1=0 pin1=2 apic2=-1 pin2=-1
Aug 19 09:33:03 yoda kernel: [    0.083794] TSC deadline timer enabled
Aug 19 09:33:03 yoda kernel: [    0.083799] smpboot: CPU0: Intel(R) Core(TM) i7-6700 CPU @ 3.40GHz (family: 0x6, model: 0x5e, stepping: 0x3)
Aug 19 09:33:03 yoda kernel: [    0.083811] Performance Events: PEBS fmt3+, 32-deep LBR, Skylake events, full-width counters, Intel PMU driver.
Aug 19 09:33:03 yoda kernel: [    0.083830] ... version:                4
Aug 19 09:33:03 yoda kernel: [    0.083831] ... bit width:              48
Aug 19 09:33:03 yoda kernel: [    0.083831] ... generic registers:      4
Aug 19 09:33:03 yoda kernel: [    0.083832] ... value mask:             0000ffffffffffff
Aug 19 09:33:03 yoda kernel: [    0.083833] ... max period:             00007fffffffffff
Aug 19 09:33:03 yoda kernel: [    0.083833] ... fixed-purpose events:   3
Aug 19 09:33:03 yoda kernel: [    0.083834] ... event mask:             000000070000000f
Aug 19 09:33:03 yoda kernel: [    0.084380] x86: Booting SMP configuration:
Aug 19 09:33:03 yoda kernel: [    0.084381] .... node  #0, CPUs:      #1
Aug 19 09:33:03 yoda kernel: [    0.087914] NMI watchdog: enabled on all CPUs, permanently consumes one hw-PMU counter.
Aug 19 09:33:03 yoda kernel: [    0.087958]  #2 #3 #4 #5 #6 #7
Aug 19 09:33:03 yoda kernel: [    0.108554] x86: Booted up 1 node, 8 CPUs
Aug 19 09:33:03 yoda kernel: [    0.108556] smpboot: Total of 8 processors activated (54532.92 BogoMIPS)
Aug 19 09:33:03 yoda kernel: [    0.115326] devtmpfs: initialized
Aug 19 09:33:03 yoda kernel: [    0.117208] evm: security.selinux
Aug 19 09:33:03 yoda kernel: [    0.117209] evm: security.SMACK64
Aug 19 09:33:03 yoda kernel: [    0.117209] evm: security.SMACK64EXEC
Aug 19 09:33:03 yoda kernel: [    0.117210] evm: security.SMACK64TRANSMUTE
Aug 19 09:33:03 yoda kernel: [    0.117210] evm: security.SMACK64MMAP
Aug 19 09:33:03 yoda kernel: [    0.117211] evm: security.ima
Aug 19 09:33:03 yoda kernel: [    0.117211] evm: security.capability
Aug 19 09:33:03 yoda kernel: [    0.117247] PM: Registering ACPI NVS region [mem 0x6f92e000-0x6f92efff] (4096 bytes)
Aug 19 09:33:03 yoda kernel: [    0.117248] PM: Registering ACPI NVS region [mem 0x777ab000-0x77f99fff] (8318976 bytes)
Aug 19 09:33:03 yoda kernel: [    0.117358] clocksource: jiffies: mask: 0xffffffff max_cycles: 0xffffffff, max_idle_ns: 7645041785100000 ns
Aug 19 09:33:03 yoda kernel: [    0.117418] pinctrl core: initialized pinctrl subsystem
Aug 19 09:33:03 yoda kernel: [    0.117563] RTC time: 12:29:02, date: 08/19/19
Aug 19 09:33:03 yoda kernel: [    0.117643] NET: Registered protocol family 16
Aug 19 09:33:03 yoda kernel: [    0.127182] cpuidle: using governor ladder
Aug 19 09:33:03 yoda kernel: [    0.143183] cpuidle: using governor menu
Aug 19 09:33:03 yoda kernel: [    0.143192] PCCT header not found.
Aug 19 09:33:03 yoda kernel: [    0.143300] ACPI FADT declares the system doesn't support PCIe ASPM, so disable it
Aug 19 09:33:03 yoda kernel: [    0.143301] ACPI: bus type PCI registered
Aug 19 09:33:03 yoda kernel: [    0.143302] acpiphp: ACPI Hot Plug PCI Controller Driver version: 0.5
Aug 19 09:33:03 yoda kernel: [    0.143355] PCI: MMCONFIG for domain 0000 [bus 00-ff] at [mem 0xe0000000-0xefffffff] (base 0xe0000000)
Aug 19 09:33:03 yoda kernel: [    0.143356] PCI: MMCONFIG at [mem 0xe0000000-0xefffffff] reserved in E820
Aug 19 09:33:03 yoda kernel: [    0.143364] PCI: Using configuration type 1 for base access
Aug 19 09:33:03 yoda kernel: [    0.159483] ACPI: Added _OSI(Module Device)
Aug 19 09:33:03 yoda kernel: [    0.159484] ACPI: Added _OSI(Processor Device)
Aug 19 09:33:03 yoda kernel: [    0.159485] ACPI: Added _OSI(3.0 _SCP Extensions)
Aug 19 09:33:03 yoda kernel: [    0.159486] ACPI: Added _OSI(Processor Aggregator Device)
Aug 19 09:33:03 yoda kernel: [    0.164573] ACPI: Executed 21 blocks of module-level executable AML code
Aug 19 09:33:03 yoda kernel: [    0.168670] [Firmware Bug]: ACPI: BIOS _OSI(Linux) query ignored
Aug 19 09:33:03 yoda kernel: [    0.170826] ACPI: Dynamic OEM Table Load:
Aug 19 09:33:03 yoda kernel: [    0.170832] ACPI: SSDT 0xFFFF8804622E2000 0006E4 (v02 PmRef  Cpu0Ist  00003000 INTL 20120913)
Aug 19 09:33:03 yoda kernel: [    0.171429] ACPI: \_PR_.CPU0: _OSC native thermal LVT Acked
Aug 19 09:33:03 yoda kernel: [    0.172540] ACPI: Dynamic OEM Table Load:
Aug 19 09:33:03 yoda kernel: [    0.172543] ACPI: SSDT 0xFFFF8804622DA000 00037F (v02 PmRef  Cpu0Cst  00003001 INTL 20120913)
Aug 19 09:33:03 yoda kernel: [    0.173573] ACPI: Dynamic OEM Table Load:
Aug 19 09:33:03 yoda kernel: [    0.173577] ACPI: SSDT 0xFFFF8804622E2800 0005AA (v02 PmRef  ApIst    00003000 INTL 20120913)
Aug 19 09:33:03 yoda kernel: [    0.174304] ACPI: Dynamic OEM Table Load:
Aug 19 09:33:03 yoda kernel: [    0.174306] ACPI: SSDT 0xFFFF8804622D6400 000119 (v02 PmRef  ApCst    00003000 INTL 20120913)
Aug 19 09:33:03 yoda kernel: [    0.178141] ACPI: Interpreter enabled
Aug 19 09:33:03 yoda kernel: [    0.178165] ACPI: (supports S0 S3 S4 S5)
Aug 19 09:33:03 yoda kernel: [    0.178166] ACPI: Using IOAPIC for interrupt routing
Aug 19 09:33:03 yoda kernel: [    0.178215] PCI: Using host bridge windows from ACPI; if necessary, use "pci=nocrs" and report a bug
Aug 19 09:33:03 yoda kernel: [    0.181715] ACPI: Power Resource [WRST] (off)
Aug 19 09:33:03 yoda kernel: [    0.181923] ACPI: Power Resource [WRST] (off)
Aug 19 09:33:03 yoda kernel: [    0.182130] ACPI: Power Resource [WRST] (off)
Aug 19 09:33:03 yoda kernel: [    0.182351] ACPI: Power Resource [WRST] (off)
Aug 19 09:33:03 yoda kernel: [    0.182557] ACPI: Power Resource [WRST] (off)
Aug 19 09:33:03 yoda kernel: [    0.182778] ACPI: Power Resource [WRST] (off)
Aug 19 09:33:03 yoda kernel: [    0.182983] ACPI: Power Resource [WRST] (off)
Aug 19 09:33:03 yoda kernel: [    0.183188] ACPI: Power Resource [WRST] (off)
Aug 19 09:33:03 yoda kernel: [    0.183401] ACPI: Power Resource [WRST] (off)
Aug 19 09:33:03 yoda kernel: [    0.183609] ACPI: Power Resource [WRST] (off)
Aug 19 09:33:03 yoda kernel: [    0.183817] ACPI: Power Resource [WRST] (off)
Aug 19 09:33:03 yoda kernel: [    0.184022] ACPI: Power Resource [WRST] (off)
Aug 19 09:33:03 yoda kernel: [    0.184228] ACPI: Power Resource [WRST] (off)
Aug 19 09:33:03 yoda kernel: [    0.184433] ACPI: Power Resource [WRST] (off)
Aug 19 09:33:03 yoda kernel: [    0.184639] ACPI: Power Resource [WRST] (off)
Aug 19 09:33:03 yoda kernel: [    0.184845] ACPI: Power Resource [WRST] (off)
Aug 19 09:33:03 yoda kernel: [    0.185050] ACPI: Power Resource [WRST] (off)
Aug 19 09:33:03 yoda kernel: [    0.185254] ACPI: Power Resource [WRST] (off)
Aug 19 09:33:03 yoda kernel: [    0.185460] ACPI: Power Resource [WRST] (off)
Aug 19 09:33:03 yoda kernel: [    0.185668] ACPI: Power Resource [WRST] (off)
Aug 19 09:33:03 yoda kernel: [    0.191178] ACPI: PCI Root Bridge [PCI0] (domain 0000 [bus 00-fe])
Aug 19 09:33:03 yoda kernel: [    0.191182] acpi PNP0A08:00: _OSC: OS supports [ExtendedConfig ASPM ClockPM Segments MSI]
Aug 19 09:33:03 yoda kernel: [    0.192284] acpi PNP0A08:00: _OSC: OS now controls [PCIeHotplug PME AER PCIeCapability]
Aug 19 09:33:03 yoda kernel: [    0.192285] acpi PNP0A08:00: FADT indicates ASPM is unsupported, using BIOS configuration
Aug 19 09:33:03 yoda kernel: [    0.192717] PCI host bridge to bus 0000:00
Aug 19 09:33:03 yoda kernel: [    0.192719] pci_bus 0000:00: root bus resource [io  0x0000-0x0cf7 window]
Aug 19 09:33:03 yoda kernel: [    0.192721] pci_bus 0000:00: root bus resource [io  0x0d00-0xffff window]
Aug 19 09:33:03 yoda kernel: [    0.192722] pci_bus 0000:00: root bus resource [mem 0x000a0000-0x000bffff window]
Aug 19 09:33:03 yoda kernel: [    0.192723] pci_bus 0000:00: root bus resource [mem 0x89000000-0xdfffffff window]
Aug 19 09:33:03 yoda kernel: [    0.192723] pci_bus 0000:00: root bus resource [mem 0xfd000000-0xfe7fffff window]
Aug 19 09:33:03 yoda kernel: [    0.192724] pci_bus 0000:00: root bus resource [bus 00-fe]
Aug 19 09:33:03 yoda kernel: [    0.192730] pci 0000:00:00.0: [8086:191f] type 00 class 0x060000
Aug 19 09:33:03 yoda kernel: [    0.192934] pci 0000:00:02.0: [8086:1912] type 00 class 0x030000
Aug 19 09:33:03 yoda kernel: [    0.192944] pci 0000:00:02.0: reg 0x10: [mem 0xde000000-0xdeffffff 64bit]
Aug 19 09:33:03 yoda kernel: [    0.192949] pci 0000:00:02.0: reg 0x18: [mem 0xc0000000-0xcfffffff 64bit pref]
Aug 19 09:33:03 yoda kernel: [    0.192952] pci 0000:00:02.0: reg 0x20: [io  0xf000-0xf03f]
Aug 19 09:33:03 yoda kernel: [    0.193088] pci 0000:00:14.0: [8086:a12f] type 00 class 0x0c0330
Aug 19 09:33:03 yoda kernel: [    0.193111] pci 0000:00:14.0: reg 0x10: [mem 0xdf110000-0xdf11ffff 64bit]
Aug 19 09:33:03 yoda kernel: [    0.193157] pci 0000:00:14.0: PME# supported from D3hot D3cold
Aug 19 09:33:03 yoda kernel: [    0.193224] pci 0000:00:14.0: System wakeup disabled by ACPI
Aug 19 09:33:03 yoda kernel: [    0.193250] pci 0000:00:14.2: [8086:a131] type 00 class 0x118000
Aug 19 09:33:03 yoda kernel: [    0.193272] pci 0000:00:14.2: reg 0x10: [mem 0xdf12e000-0xdf12efff 64bit]
Aug 19 09:33:03 yoda kernel: [    0.193388] pci 0000:00:16.0: [8086:a13a] type 00 class 0x078000
Aug 19 09:33:03 yoda kernel: [    0.193414] pci 0000:00:16.0: reg 0x10: [mem 0xdf12d000-0xdf12dfff 64bit]
Aug 19 09:33:03 yoda kernel: [    0.193465] pci 0000:00:16.0: PME# supported from D3hot
Aug 19 09:33:03 yoda kernel: [    0.193566] pci 0000:00:17.0: [8086:a102] type 00 class 0x010601
Aug 19 09:33:03 yoda kernel: [    0.193584] pci 0000:00:17.0: reg 0x10: [mem 0xdf128000-0xdf129fff]
Aug 19 09:33:03 yoda kernel: [    0.193590] pci 0000:00:17.0: reg 0x14: [mem 0xdf12c000-0xdf12c0ff]
Aug 19 09:33:03 yoda kernel: [    0.193596] pci 0000:00:17.0: reg 0x18: [io  0xf090-0xf097]
Aug 19 09:33:03 yoda kernel: [    0.193602] pci 0000:00:17.0: reg 0x1c: [io  0xf080-0xf083]
Aug 19 09:33:03 yoda kernel: [    0.193608] pci 0000:00:17.0: reg 0x20: [io  0xf060-0xf07f]
Aug 19 09:33:03 yoda kernel: [    0.193614] pci 0000:00:17.0: reg 0x24: [mem 0xdf12b000-0xdf12b7ff]
Aug 19 09:33:03 yoda kernel: [    0.193639] pci 0000:00:17.0: PME# supported from D3hot
Aug 19 09:33:03 yoda kernel: [    0.193730] pci 0000:00:1c.0: [8086:a114] type 01 class 0x060400
Aug 19 09:33:03 yoda kernel: [    0.193782] pci 0000:00:1c.0: PME# supported from D0 D3hot D3cold
Aug 19 09:33:03 yoda kernel: [    0.193859] pci 0000:00:1c.0: System wakeup disabled by ACPI
Aug 19 09:33:03 yoda kernel: [    0.193904] pci 0000:00:1d.0: [8086:a118] type 01 class 0x060400
Aug 19 09:33:03 yoda kernel: [    0.193949] pci 0000:00:1d.0: PME# supported from D0 D3hot D3cold
Aug 19 09:33:03 yoda kernel: [    0.194024] pci 0000:00:1d.0: System wakeup disabled by ACPI
Aug 19 09:33:03 yoda kernel: [    0.194051] pci 0000:00:1d.3: [8086:a11b] type 01 class 0x060400
Aug 19 09:33:03 yoda kernel: [    0.194097] pci 0000:00:1d.3: PME# supported from D0 D3hot D3cold
Aug 19 09:33:03 yoda kernel: [    0.194170] pci 0000:00:1d.3: System wakeup disabled by ACPI
Aug 19 09:33:03 yoda kernel: [    0.194206] pci 0000:00:1f.0: [8086:a148] type 00 class 0x060100
Aug 19 09:33:03 yoda kernel: [    0.194373] pci 0000:00:1f.2: [8086:a121] type 00 class 0x058000
Aug 19 09:33:03 yoda kernel: [    0.194384] pci 0000:00:1f.2: reg 0x10: [mem 0xdf124000-0xdf127fff]
Aug 19 09:33:03 yoda kernel: [    0.194504] pci 0000:00:1f.3: [8086:a170] type 00 class 0x040300
Aug 19 09:33:03 yoda kernel: [    0.194535] pci 0000:00:1f.3: reg 0x10: [mem 0xdf120000-0xdf123fff 64bit]
Aug 19 09:33:03 yoda kernel: [    0.194563] pci 0000:00:1f.3: reg 0x20: [mem 0xdf100000-0xdf10ffff 64bit]
Aug 19 09:33:03 yoda kernel: [    0.194594] pci 0000:00:1f.3: PME# supported from D3hot D3cold
Aug 19 09:33:03 yoda kernel: [    0.194694] pci 0000:00:1f.3: System wakeup disabled by ACPI
Aug 19 09:33:03 yoda kernel: [    0.194723] pci 0000:00:1f.4: [8086:a123] type 00 class 0x0c0500
Aug 19 09:33:03 yoda kernel: [    0.194776] pci 0000:00:1f.4: reg 0x10: [mem 0xdf12a000-0xdf12a0ff 64bit]
Aug 19 09:33:03 yoda kernel: [    0.194845] pci 0000:00:1f.4: reg 0x20: [io  0xf040-0xf05f]
Aug 19 09:33:03 yoda kernel: [    0.195036] pci 0000:00:1c.0: PCI bridge to [bus 01]
Aug 19 09:33:03 yoda kernel: [    0.195089] pci 0000:00:1d.0: PCI bridge to [bus 02]
Aug 19 09:33:03 yoda kernel: [    0.195153] pci 0000:03:00.0: [1b21:1184] type 01 class 0x060400
Aug 19 09:33:03 yoda kernel: [    0.195237] pci 0000:03:00.0: PME# supported from D0 D3hot D3cold
Aug 19 09:33:03 yoda kernel: [    0.203242] pci 0000:00:1d.3: PCI bridge to [bus 03-07]
Aug 19 09:33:03 yoda kernel: [    0.203249] pci 0000:00:1d.3:   bridge window [io  0xe000-0xefff]
Aug 19 09:33:03 yoda kernel: [    0.203255] pci 0000:00:1d.3:   bridge window [mem 0xdf000000-0xdf0fffff]
Aug 19 09:33:03 yoda kernel: [    0.203343] pci 0000:04:01.0: [1b21:1184] type 01 class 0x060400
Aug 19 09:33:03 yoda kernel: [    0.203427] pci 0000:04:01.0: PME# supported from D0 D3hot D3cold
Aug 19 09:33:03 yoda kernel: [    0.203480] pci 0000:04:05.0: [1b21:1184] type 01 class 0x060400
Aug 19 09:33:03 yoda kernel: [    0.203564] pci 0000:04:05.0: PME# supported from D0 D3hot D3cold
Aug 19 09:33:03 yoda kernel: [    0.203629] pci 0000:03:00.0: PCI bridge to [bus 04-07]
Aug 19 09:33:03 yoda kernel: [    0.203634] pci 0000:03:00.0:   bridge window [io  0xe000-0xefff]
Aug 19 09:33:03 yoda kernel: [    0.203637] pci 0000:03:00.0:   bridge window [mem 0xdf000000-0xdf0fffff]
Aug 19 09:33:03 yoda kernel: [    0.203700] pci 0000:05:00.0: [1b21:1080] type 01 class 0x060400
Aug 19 09:33:03 yoda kernel: [    0.203856] pci 0000:05:00.0: supports D1 D2
Aug 19 09:33:03 yoda kernel: [    0.203857] pci 0000:05:00.0: PME# supported from D0 D1 D2 D3hot D3cold
Aug 19 09:33:03 yoda kernel: [    0.211251] pci 0000:04:01.0: PCI bridge to [bus 05-06]
Aug 19 09:33:03 yoda kernel: [    0.211419] pci 0000:05:00.0: PCI bridge to [bus 06]
Aug 19 09:33:03 yoda kernel: [    0.211509] pci 0000:07:00.0: [10ec:8168] type 00 class 0x020000
Aug 19 09:33:03 yoda kernel: [    0.211558] pci 0000:07:00.0: reg 0x10: [io  0xec00-0xecff]
Aug 19 09:33:03 yoda kernel: [    0.211592] pci 0000:07:00.0: reg 0x18: [mem 0xdf018000-0xdf018fff 64bit]
Aug 19 09:33:03 yoda kernel: [    0.211614] pci 0000:07:00.0: reg 0x20: [mem 0xdf010000-0xdf013fff 64bit]
Aug 19 09:33:03 yoda kernel: [    0.211709] pci 0000:07:00.0: supports D1 D2
Aug 19 09:33:03 yoda kernel: [    0.211710] pci 0000:07:00.0: PME# supported from D0 D1 D2 D3hot D3cold
Aug 19 09:33:03 yoda kernel: [    0.211793] pci 0000:07:00.1: [10ec:816a] type 00 class 0x070002
Aug 19 09:33:03 yoda kernel: [    0.211842] pci 0000:07:00.1: reg 0x10: [io  0xe800-0xe8ff]
Aug 19 09:33:03 yoda kernel: [    0.211876] pci 0000:07:00.1: reg 0x18: [mem 0xdf017000-0xdf017fff 64bit]
Aug 19 09:33:03 yoda kernel: [    0.211898] pci 0000:07:00.1: reg 0x20: [mem 0xdf00c000-0xdf00ffff 64bit]
Aug 19 09:33:03 yoda kernel: [    0.211986] pci 0000:07:00.1: supports D1 D2
Aug 19 09:33:03 yoda kernel: [    0.211987] pci 0000:07:00.1: PME# supported from D0 D1 D2 D3hot D3cold
Aug 19 09:33:03 yoda kernel: [    0.212062] pci 0000:07:00.2: [10ec:816b] type 00 class 0x070002
Aug 19 09:33:03 yoda kernel: [    0.212112] pci 0000:07:00.2: reg 0x10: [io  0xe400-0xe4ff]
Aug 19 09:33:03 yoda kernel: [    0.212146] pci 0000:07:00.2: reg 0x18: [mem 0xdf016000-0xdf016fff 64bit]
Aug 19 09:33:03 yoda kernel: [    0.212167] pci 0000:07:00.2: reg 0x20: [mem 0xdf008000-0xdf00bfff 64bit]
Aug 19 09:33:03 yoda kernel: [    0.212255] pci 0000:07:00.2: supports D1 D2
Aug 19 09:33:03 yoda kernel: [    0.212256] pci 0000:07:00.2: PME# supported from D0 D1 D2 D3hot D3cold
Aug 19 09:33:03 yoda kernel: [    0.212332] pci 0000:07:00.3: [10ec:816c] type 00 class 0x0c0701
Aug 19 09:33:03 yoda kernel: [    0.212381] pci 0000:07:00.3: reg 0x10: [io  0xe000-0xe0ff]
Aug 19 09:33:03 yoda kernel: [    0.212415] pci 0000:07:00.3: reg 0x18: [mem 0xdf015000-0xdf015fff 64bit]
Aug 19 09:33:03 yoda kernel: [    0.212437] pci 0000:07:00.3: reg 0x20: [mem 0xdf004000-0xdf007fff 64bit]
Aug 19 09:33:03 yoda kernel: [    0.212525] pci 0000:07:00.3: supports D1 D2
Aug 19 09:33:03 yoda kernel: [    0.212525] pci 0000:07:00.3: PME# supported from D0 D1 D2 D3hot D3cold
Aug 19 09:33:03 yoda kernel: [    0.212601] pci 0000:07:00.4: [10ec:816d] type 00 class 0x0c0320
Aug 19 09:33:03 yoda kernel: [    0.212650] pci 0000:07:00.4: reg 0x10: [mem 0xdf014000-0xdf014fff]
Aug 19 09:33:03 yoda kernel: [    0.212684] pci 0000:07:00.4: reg 0x18: [mem 0xdf000000-0xdf003fff 64bit]
Aug 19 09:33:03 yoda kernel: [    0.212799] pci 0000:07:00.4: PME# supported from D0 D3cold
Aug 19 09:33:03 yoda kernel: [    0.219305] pci 0000:04:05.0: PCI bridge to [bus 07]
Aug 19 09:33:03 yoda kernel: [    0.219310] pci 0000:04:05.0:   bridge window [io  0xe000-0xefff]
Aug 19 09:33:03 yoda kernel: [    0.219313] pci 0000:04:05.0:   bridge window [mem 0xdf000000-0xdf0fffff]
Aug 19 09:33:03 yoda kernel: [    0.220681] ACPI: PCI Interrupt Link [LNKA] (IRQs 3 4 5 6 10 *11 12 14 15)
Aug 19 09:33:03 yoda kernel: [    0.220716] ACPI: PCI Interrupt Link [LNKB] (IRQs 3 4 5 6 *10 11 12 14 15)
Aug 19 09:33:03 yoda kernel: [    0.220750] ACPI: PCI Interrupt Link [LNKC] (IRQs 3 4 5 6 10 *11 12 14 15)
Aug 19 09:33:03 yoda kernel: [    0.220783] ACPI: PCI Interrupt Link [LNKD] (IRQs 3 4 5 6 10 *11 12 14 15)
Aug 19 09:33:03 yoda kernel: [    0.220816] ACPI: PCI Interrupt Link [LNKE] (IRQs 3 4 5 6 10 *11 12 14 15)
Aug 19 09:33:03 yoda kernel: [    0.220849] ACPI: PCI Interrupt Link [LNKF] (IRQs 3 4 5 6 10 *11 12 14 15)
Aug 19 09:33:03 yoda kernel: [    0.220882] ACPI: PCI Interrupt Link [LNKG] (IRQs 3 4 5 6 10 *11 12 14 15)
Aug 19 09:33:03 yoda kernel: [    0.220914] ACPI: PCI Interrupt Link [LNKH] (IRQs 3 4 5 6 10 *11 12 14 15)
Aug 19 09:33:03 yoda kernel: [    0.221131] ACPI: Enabled 5 GPEs in block 00 to 7F
Aug 19 09:33:03 yoda kernel: [    0.221203] vgaarb: setting as boot device: PCI:0000:00:02.0
Aug 19 09:33:03 yoda kernel: [    0.221204] vgaarb: device added: PCI:0000:00:02.0,decodes=io+mem,owns=io+mem,locks=none
Aug 19 09:33:03 yoda kernel: [    0.221206] vgaarb: loaded
Aug 19 09:33:03 yoda kernel: [    0.221207] vgaarb: bridge control possible 0000:00:02.0
Aug 19 09:33:03 yoda kernel: [    0.221335] SCSI subsystem initialized
Aug 19 09:33:03 yoda kernel: [    0.221355] libata version 3.00 loaded.
Aug 19 09:33:03 yoda kernel: [    0.221367] ACPI: bus type USB registered
Aug 19 09:33:03 yoda kernel: [    0.221376] usbcore: registered new interface driver usbfs
Aug 19 09:33:03 yoda kernel: [    0.221381] usbcore: registered new interface driver hub
Aug 19 09:33:03 yoda kernel: [    0.221392] usbcore: registered new device driver usb
Aug 19 09:33:03 yoda kernel: [    0.221473] PCI: Using ACPI for IRQ routing
Aug 19 09:33:03 yoda kernel: [    0.248817] PCI: pci_cache_line_size set to 64 bytes
Aug 19 09:33:03 yoda kernel: [    0.248877] e820: reserve RAM buffer [mem 0x00098c00-0x0009ffff]
Aug 19 09:33:03 yoda kernel: [    0.248878] e820: reserve RAM buffer [mem 0x6f92e000-0x6fffffff]
Aug 19 09:33:03 yoda kernel: [    0.248879] e820: reserve RAM buffer [mem 0x6f9cd000-0x6fffffff]
Aug 19 09:33:03 yoda kernel: [    0.248880] e820: reserve RAM buffer [mem 0x76e59000-0x77ffffff]
Aug 19 09:33:03 yoda kernel: [    0.248881] e820: reserve RAM buffer [mem 0x475000000-0x477ffffff]
Aug 19 09:33:03 yoda kernel: [    0.248949] NetLabel: Initializing
Aug 19 09:33:03 yoda kernel: [    0.248950] NetLabel:  domain hash size = 128
Aug 19 09:33:03 yoda kernel: [    0.248950] NetLabel:  protocols = UNLABELED CIPSOv4
Aug 19 09:33:03 yoda kernel: [    0.248957] NetLabel:  unlabeled traffic allowed by default
Aug 19 09:33:03 yoda kernel: [    0.249028] hpet0: at MMIO 0xfed00000, IRQs 2, 8, 0, 0, 0, 0, 0, 0
Aug 19 09:33:03 yoda kernel: [    0.249031] hpet0: 8 comparators, 64-bit 24.000000 MHz counter
Aug 19 09:33:03 yoda kernel: [    0.251063] amd_nb: Cannot enumerate AMD northbridges
Aug 19 09:33:03 yoda kernel: [    0.251076] clocksource: Switched to clocksource hpet
Aug 19 09:33:03 yoda kernel: [    0.254898] AppArmor: AppArmor Filesystem Enabled
Aug 19 09:33:03 yoda kernel: [    0.254928] pnp: PnP ACPI init
Aug 19 09:33:03 yoda kernel: [    0.255102] system 00:00: [io  0x0a00-0x0a0f] has been reserved
Aug 19 09:33:03 yoda kernel: [    0.255103] system 00:00: [io  0x0a10-0x0a1f] has been reserved
Aug 19 09:33:03 yoda kernel: [    0.255104] system 00:00: [io  0x0a20-0x0a2f] has been reserved
Aug 19 09:33:03 yoda kernel: [    0.255106] system 00:00: Plug and Play ACPI device, IDs PNP0c02 (active)
Aug 19 09:33:03 yoda kernel: [    0.255435] pnp 00:01: [dma 3]
Aug 19 09:33:03 yoda kernel: [    0.255525] pnp 00:01: Plug and Play ACPI device, IDs PNP0401 (active)
Aug 19 09:33:03 yoda kernel: [    0.255678] pnp 00:02: [dma 0 disabled]
Aug 19 09:33:03 yoda kernel: [    0.255703] pnp 00:02: Plug and Play ACPI device, IDs PNP0501 (active)
Aug 19 09:33:03 yoda kernel: [    0.255926] pnp 00:03: [dma 0 disabled]
Aug 19 09:33:03 yoda kernel: [    0.255952] pnp 00:03: Plug and Play ACPI device, IDs PNP0501 (active)
Aug 19 09:33:03 yoda kernel: [    0.256027] system 00:04: [io  0x0680-0x069f] has been reserved
Aug 19 09:33:03 yoda kernel: [    0.256028] system 00:04: [io  0xffff] has been reserved
Aug 19 09:33:03 yoda kernel: [    0.256029] system 00:04: [io  0xffff] has been reserved
Aug 19 09:33:03 yoda kernel: [    0.256030] system 00:04: [io  0xffff] has been reserved
Aug 19 09:33:03 yoda kernel: [    0.256031] system 00:04: [io  0x1800-0x18fe] could not be reserved
Aug 19 09:33:03 yoda kernel: [    0.256032] system 00:04: [io  0x164e-0x164f] has been reserved
Aug 19 09:33:03 yoda kernel: [    0.256033] system 00:04: Plug and Play ACPI device, IDs PNP0c02 (active)
Aug 19 09:33:03 yoda kernel: [    0.256087] system 00:05: [io  0x0800-0x087f] has been reserved
Aug 19 09:33:03 yoda kernel: [    0.256088] system 00:05: Plug and Play ACPI device, IDs PNP0c02 (active)
Aug 19 09:33:03 yoda kernel: [    0.256101] pnp 00:06: Plug and Play ACPI device, IDs PNP0b00 (active)
Aug 19 09:33:03 yoda kernel: [    0.256124] system 00:07: [io  0x1854-0x1857] has been reserved
Aug 19 09:33:03 yoda kernel: [    0.256125] system 00:07: Plug and Play ACPI device, IDs INT3f0d PNP0c02 (active)
Aug 19 09:33:03 yoda kernel: [    0.256261] system 00:08: [mem 0xfed10000-0xfed17fff] has been reserved
Aug 19 09:33:03 yoda kernel: [    0.256262] system 00:08: [mem 0xfed18000-0xfed18fff] has been reserved
Aug 19 09:33:03 yoda kernel: [    0.256263] system 00:08: [mem 0xfed19000-0xfed19fff] has been reserved
Aug 19 09:33:03 yoda kernel: [    0.256264] system 00:08: [mem 0xe0000000-0xefffffff] has been reserved
Aug 19 09:33:03 yoda kernel: [    0.256265] system 00:08: [mem 0xfed20000-0xfed3ffff] has been reserved
Aug 19 09:33:03 yoda kernel: [    0.256266] system 00:08: [mem 0xfed90000-0xfed93fff] could not be reserved
Aug 19 09:33:03 yoda kernel: [    0.256267] system 00:08: [mem 0xfed45000-0xfed8ffff] has been reserved
Aug 19 09:33:03 yoda kernel: [    0.256268] system 00:08: [mem 0xff000000-0xffffffff] has been reserved
Aug 19 09:33:03 yoda kernel: [    0.256270] system 00:08: [mem 0xfee00000-0xfeefffff] could not be reserved
Aug 19 09:33:03 yoda kernel: [    0.256271] system 00:08: [mem 0xdffc0000-0xdffdffff] has been reserved
Aug 19 09:33:03 yoda kernel: [    0.256272] system 00:08: Plug and Play ACPI device, IDs PNP0c02 (active)
Aug 19 09:33:03 yoda kernel: [    0.256298] system 00:09: [mem 0xfd000000-0xfdabffff] has been reserved
Aug 19 09:33:03 yoda kernel: [    0.256299] system 00:09: [mem 0xfdad0000-0xfdadffff] has been reserved
Aug 19 09:33:03 yoda kernel: [    0.256300] system 00:09: [mem 0xfdb00000-0xfdffffff] has been reserved
Aug 19 09:33:03 yoda kernel: [    0.256301] system 00:09: [mem 0xfe000000-0xfe01ffff] could not be reserved
Aug 19 09:33:03 yoda kernel: [    0.256302] system 00:09: [mem 0xfe036000-0xfe03bfff] has been reserved
Aug 19 09:33:03 yoda kernel: [    0.256303] system 00:09: [mem 0xfe03d000-0xfe3fffff] has been reserved
Aug 19 09:33:03 yoda kernel: [    0.256304] system 00:09: [mem 0xfe410000-0xfe7fffff] has been reserved
Aug 19 09:33:03 yoda kernel: [    0.256305] system 00:09: Plug and Play ACPI device, IDs PNP0c02 (active)
Aug 19 09:33:03 yoda kernel: [    0.256477] system 00:0a: [io  0xff00-0xfffe] has been reserved
Aug 19 09:33:03 yoda kernel: [    0.256479] system 00:0a: Plug and Play ACPI device, IDs PNP0c02 (active)
Aug 19 09:33:03 yoda kernel: [    0.257122] system 00:0b: [mem 0xfdaf0000-0xfdafffff] has been reserved
Aug 19 09:33:03 yoda kernel: [    0.257123] system 00:0b: [mem 0xfdae0000-0xfdaeffff] has been reserved
Aug 19 09:33:03 yoda kernel: [    0.257124] system 00:0b: [mem 0xfdac0000-0xfdacffff] has been reserved
Aug 19 09:33:03 yoda kernel: [    0.257126] system 00:0b: Plug and Play ACPI device, IDs PNP0c02 (active)
Aug 19 09:33:03 yoda kernel: [    0.257625] pnp: PnP ACPI: found 12 devices
Aug 19 09:33:03 yoda kernel: [    0.265526] clocksource: acpi_pm: mask: 0xffffff max_cycles: 0xffffff, max_idle_ns: 2085701024 ns
Aug 19 09:33:03 yoda kernel: [    0.265576] pci 0000:00:1c.0: PCI bridge to [bus 01]
Aug 19 09:33:03 yoda kernel: [    0.265583] pci 0000:00:1d.0: PCI bridge to [bus 02]
Aug 19 09:33:03 yoda kernel: [    0.265589] pci 0000:05:00.0: PCI bridge to [bus 06]
Aug 19 09:33:03 yoda kernel: [    0.265608] pci 0000:04:01.0: PCI bridge to [bus 05-06]
Aug 19 09:33:03 yoda kernel: [    0.265619] pci 0000:04:05.0: PCI bridge to [bus 07]
Aug 19 09:33:03 yoda kernel: [    0.265621] pci 0000:04:05.0:   bridge window [io  0xe000-0xefff]
Aug 19 09:33:03 yoda kernel: [    0.265625] pci 0000:04:05.0:   bridge window [mem 0xdf000000-0xdf0fffff]
Aug 19 09:33:03 yoda kernel: [    0.265632] pci 0000:03:00.0: PCI bridge to [bus 04-07]
Aug 19 09:33:03 yoda kernel: [    0.265634] pci 0000:03:00.0:   bridge window [io  0xe000-0xefff]
Aug 19 09:33:03 yoda kernel: [    0.265638] pci 0000:03:00.0:   bridge window [mem 0xdf000000-0xdf0fffff]
Aug 19 09:33:03 yoda kernel: [    0.265645] pci 0000:00:1d.3: PCI bridge to [bus 03-07]
Aug 19 09:33:03 yoda kernel: [    0.265646] pci 0000:00:1d.3:   bridge window [io  0xe000-0xefff]
Aug 19 09:33:03 yoda kernel: [    0.265649] pci 0000:00:1d.3:   bridge window [mem 0xdf000000-0xdf0fffff]
Aug 19 09:33:03 yoda kernel: [    0.265654] pci_bus 0000:00: resource 4 [io  0x0000-0x0cf7 window]
Aug 19 09:33:03 yoda kernel: [    0.265655] pci_bus 0000:00: resource 5 [io  0x0d00-0xffff window]
Aug 19 09:33:03 yoda kernel: [    0.265656] pci_bus 0000:00: resource 6 [mem 0x000a0000-0x000bffff window]
Aug 19 09:33:03 yoda kernel: [    0.265657] pci_bus 0000:00: resource 7 [mem 0x89000000-0xdfffffff window]
Aug 19 09:33:03 yoda kernel: [    0.265658] pci_bus 0000:00: resource 8 [mem 0xfd000000-0xfe7fffff window]
Aug 19 09:33:03 yoda kernel: [    0.265659] pci_bus 0000:03: resource 0 [io  0xe000-0xefff]
Aug 19 09:33:03 yoda kernel: [    0.265660] pci_bus 0000:03: resource 1 [mem 0xdf000000-0xdf0fffff]
Aug 19 09:33:03 yoda kernel: [    0.265661] pci_bus 0000:04: resource 0 [io  0xe000-0xefff]
Aug 19 09:33:03 yoda kernel: [    0.265662] pci_bus 0000:04: resource 1 [mem 0xdf000000-0xdf0fffff]
Aug 19 09:33:03 yoda kernel: [    0.265663] pci_bus 0000:07: resource 0 [io  0xe000-0xefff]
Aug 19 09:33:03 yoda kernel: [    0.265663] pci_bus 0000:07: resource 1 [mem 0xdf000000-0xdf0fffff]
Aug 19 09:33:03 yoda kernel: [    0.265682] NET: Registered protocol family 2
Aug 19 09:33:03 yoda kernel: [    0.265782] TCP established hash table entries: 131072 (order: 8, 1048576 bytes)
Aug 19 09:33:03 yoda kernel: [    0.265902] TCP bind hash table entries: 65536 (order: 8, 1048576 bytes)
Aug 19 09:33:03 yoda kernel: [    0.265976] TCP: Hash tables configured (established 131072 bind 65536)
Aug 19 09:33:03 yoda kernel: [    0.265992] UDP hash table entries: 8192 (order: 6, 262144 bytes)
Aug 19 09:33:03 yoda kernel: [    0.266018] UDP-Lite hash table entries: 8192 (order: 6, 262144 bytes)
Aug 19 09:33:03 yoda kernel: [    0.266062] NET: Registered protocol family 1
Aug 19 09:33:03 yoda kernel: [    0.266072] pci 0000:00:02.0: Video device with shadowed ROM
Aug 19 09:33:03 yoda kernel: [    0.272980] PCI: CLS 0 bytes, default 64
Aug 19 09:33:03 yoda kernel: [    0.273007] Trying to unpack rootfs image as initramfs...
Aug 19 09:33:03 yoda kernel: [    0.698620] Freeing initrd memory: 40852K (ffff880033026000 - ffff88003580b000)
Aug 19 09:33:03 yoda kernel: [    0.698645] PCI-DMA: Using software bounce buffering for IO (SWIOTLB)
Aug 19 09:33:03 yoda kernel: [    0.698646] software IO TLB [mem 0x72e59000-0x76e59000] (64MB) mapped at [ffff880072e59000-ffff880076e58fff]
Aug 19 09:33:03 yoda kernel: [    0.698797] Scanning for low memory corruption every 60 seconds
Aug 19 09:33:03 yoda kernel: [    0.699123] futex hash table entries: 2048 (order: 5, 131072 bytes)
Aug 19 09:33:03 yoda kernel: [    0.699145] audit: initializing netlink subsys (disabled)
Aug 19 09:33:03 yoda kernel: [    0.699154] audit: type=2000 audit(1566217742.696:1): initialized
Aug 19 09:33:03 yoda kernel: [    0.699399] Initialise system trusted keyring
Aug 19 09:33:03 yoda kernel: [    0.699639] HugeTLB registered 1 GB page size, pre-allocated 0 pages
Aug 19 09:33:03 yoda kernel: [    0.699640] HugeTLB registered 2 MB page size, pre-allocated 0 pages
Aug 19 09:33:03 yoda kernel: [    0.700518] zbud: loaded
Aug 19 09:33:03 yoda kernel: [    0.700682] VFS: Disk quotas dquot_6.6.0
Aug 19 09:33:03 yoda kernel: [    0.700701] VFS: Dquot-cache hash table entries: 512 (order 0, 4096 bytes)
Aug 19 09:33:03 yoda kernel: [    0.700857] squashfs: version 4.0 (2009/01/31) Phillip Lougher
Aug 19 09:33:03 yoda kernel: [    0.701027] fuse init (API version 7.23)
Aug 19 09:33:03 yoda kernel: [    0.701121] Key type big_key registered
Aug 19 09:33:03 yoda kernel: [    0.701134] Allocating IMA MOK and blacklist keyrings.
Aug 19 09:33:03 yoda kernel: [    0.701936] Key type asymmetric registered
Aug 19 09:33:03 yoda kernel: [    0.701938] Asymmetric key parser 'x509' registered
Aug 19 09:33:03 yoda kernel: [    0.701960] Block layer SCSI generic (bsg) driver version 0.4 loaded (major 249)
Aug 19 09:33:03 yoda kernel: [    0.702061] io scheduler noop registered
Aug 19 09:33:03 yoda kernel: [    0.702063] io scheduler deadline registered (default)
Aug 19 09:33:03 yoda kernel: [    0.702080] io scheduler cfq registered
Aug 19 09:33:03 yoda kernel: [    0.702726] pcieport 0000:00:1c.0: Signaling PME through PCIe PME interrupt
Aug 19 09:33:03 yoda kernel: [    0.702729] pcie_pme 0000:00:1c.0:pcie01: service driver pcie_pme loaded
Aug 19 09:33:03 yoda kernel: [    0.702740] pcieport 0000:00:1d.0: Signaling PME through PCIe PME interrupt
Aug 19 09:33:03 yoda kernel: [    0.702742] pcie_pme 0000:00:1d.0:pcie01: service driver pcie_pme loaded
Aug 19 09:33:03 yoda kernel: [    0.702753] pcieport 0000:00:1d.3: Signaling PME through PCIe PME interrupt
Aug 19 09:33:03 yoda kernel: [    0.702754] pcieport 0000:03:00.0: Signaling PME through PCIe PME interrupt
Aug 19 09:33:03 yoda kernel: [    0.702754] pcieport 0000:04:01.0: Signaling PME through PCIe PME interrupt
Aug 19 09:33:03 yoda kernel: [    0.702755] pci 0000:05:00.0: Signaling PME through PCIe PME interrupt
Aug 19 09:33:03 yoda kernel: [    0.702756] pcieport 0000:04:05.0: Signaling PME through PCIe PME interrupt
Aug 19 09:33:03 yoda kernel: [    0.702757] pci 0000:07:00.0: Signaling PME through PCIe PME interrupt
Aug 19 09:33:03 yoda kernel: [    0.702758] pci 0000:07:00.1: Signaling PME through PCIe PME interrupt
Aug 19 09:33:03 yoda kernel: [    0.702758] pci 0000:07:00.2: Signaling PME through PCIe PME interrupt
Aug 19 09:33:03 yoda kernel: [    0.702759] pci 0000:07:00.3: Signaling PME through PCIe PME interrupt
Aug 19 09:33:03 yoda kernel: [    0.702760] pci 0000:07:00.4: Signaling PME through PCIe PME interrupt
Aug 19 09:33:03 yoda kernel: [    0.702762] pcie_pme 0000:00:1d.3:pcie01: service driver pcie_pme loaded
Aug 19 09:33:03 yoda kernel: [    0.702766] pci_hotplug: PCI Hot Plug PCI Core version: 0.5
Aug 19 09:33:03 yoda kernel: [    0.702771] pciehp: PCI Express Hot Plug Controller Driver version: 0.4
Aug 19 09:33:03 yoda kernel: [    0.702794] intel_idle: MWAIT substates: 0x142120
Aug 19 09:33:03 yoda kernel: [    0.702795] intel_idle: v0.4.1 model 0x5E
Aug 19 09:33:03 yoda kernel: [    0.702795] intel_idle: lapic_timer_reliable_states 0xffffffff
Aug 19 09:33:03 yoda kernel: [    0.703306] input: Sleep Button as /devices/LNXSYSTM:00/LNXSYBUS:00/PNP0C0E:00/input/input0
Aug 19 09:33:03 yoda kernel: [    0.703309] ACPI: Sleep Button [SLPB]
Aug 19 09:33:03 yoda kernel: [    0.703329] input: Power Button as /devices/LNXSYSTM:00/LNXSYBUS:00/PNP0C0C:00/input/input1
Aug 19 09:33:03 yoda kernel: [    0.703330] ACPI: Power Button [PWRB]
Aug 19 09:33:03 yoda kernel: [    0.703349] input: Power Button as /devices/LNXSYSTM:00/LNXPWRBN:00/input/input2
Aug 19 09:33:03 yoda kernel: [    0.703351] ACPI: Power Button [PWRF]
Aug 19 09:33:03 yoda kernel: [    0.703668] GHES: HEST is not enabled!
Aug 19 09:33:03 yoda kernel: [    0.703753] Serial: 8250/16550 driver, 32 ports, IRQ sharing enabled
Aug 19 09:33:03 yoda kernel: [    0.724287] 00:02: ttyS0 at I/O 0x3f8 (irq = 4, base_baud = 115200) is a 16550A
Aug 19 09:33:03 yoda kernel: [    0.744883] 00:03: ttyS1 at I/O 0x2f8 (irq = 3, base_baud = 115200) is a 16550A
Aug 19 09:33:03 yoda kernel: [    0.747263] Linux agpgart interface v0.103
Aug 19 09:33:03 yoda kernel: [    0.775163] tpm_tis MSFT0101:00: 2.0 TPM (device-id 0xFE, rev-id 4)
Aug 19 09:33:03 yoda kernel: [    1.695088] tsc: Refined TSC clocksource calibration: 3408.008 MHz
Aug 19 09:33:03 yoda kernel: [    1.695090] clocksource: tsc: mask: 0xffffffffffffffff max_cycles: 0x311fdc0cd74, max_idle_ns: 440795347145 ns
Aug 19 09:33:03 yoda kernel: [    1.706057] brd: module loaded
Aug 19 09:33:03 yoda kernel: [    1.708825] loop: module loaded
Aug 19 09:33:03 yoda kernel: [    1.709031] libphy: Fixed MDIO Bus: probed
Aug 19 09:33:03 yoda kernel: [    1.709034] tun: Universal TUN/TAP device driver, 1.6
Aug 19 09:33:03 yoda kernel: [    1.709034] tun: (C) 1999-2004 Max Krasnyansky <maxk@qualcomm.com>
Aug 19 09:33:03 yoda kernel: [    1.709084] PPP generic driver version 2.4.2
Aug 19 09:33:03 yoda kernel: [    1.709147] ehci_hcd: USB 2.0 'Enhanced' Host Controller (EHCI) Driver
Aug 19 09:33:03 yoda kernel: [    1.709150] ehci-pci: EHCI PCI platform driver
Aug 19 09:33:03 yoda kernel: [    1.709205] ehci-pci 0000:07:00.4: EHCI Host Controller
Aug 19 09:33:03 yoda kernel: [    1.709209] ehci-pci 0000:07:00.4: new USB bus registered, assigned bus number 1
Aug 19 09:33:03 yoda kernel: [    1.709264] ehci-pci 0000:07:00.4: irq 19, io mem 0xdf014000
Aug 19 09:33:03 yoda kernel: [    1.719110] ehci-pci 0000:07:00.4: USB 0.0 started, EHCI 1.00
Aug 19 09:33:03 yoda kernel: [    1.719133] usb usb1: New USB device found, idVendor=1d6b, idProduct=0002
Aug 19 09:33:03 yoda kernel: [    1.719134] usb usb1: New USB device strings: Mfr=3, Product=2, SerialNumber=1
Aug 19 09:33:03 yoda kernel: [    1.719135] usb usb1: Product: EHCI Host Controller
Aug 19 09:33:03 yoda kernel: [    1.719136] usb usb1: Manufacturer: Linux 4.4.0-66-generic ehci_hcd
Aug 19 09:33:03 yoda kernel: [    1.719137] usb usb1: SerialNumber: 0000:07:00.4
Aug 19 09:33:03 yoda kernel: [    1.719331] hub 1-0:1.0: USB hub found
Aug 19 09:33:03 yoda kernel: [    1.719334] hub 1-0:1.0: 1 port detected
Aug 19 09:33:03 yoda kernel: [    1.719379] ehci-platform: EHCI generic platform driver
Aug 19 09:33:03 yoda kernel: [    1.719386] ohci_hcd: USB 1.1 'Open' Host Controller (OHCI) Driver
Aug 19 09:33:03 yoda kernel: [    1.719390] ohci-pci: OHCI PCI platform driver
Aug 19 09:33:03 yoda kernel: [    1.719397] ohci-platform: OHCI generic platform driver
Aug 19 09:33:03 yoda kernel: [    1.719402] uhci_hcd: USB Universal Host Controller Interface driver
Aug 19 09:33:03 yoda kernel: [    1.719488] xhci_hcd 0000:00:14.0: xHCI Host Controller
Aug 19 09:33:03 yoda kernel: [    1.719491] xhci_hcd 0000:00:14.0: new USB bus registered, assigned bus number 2
Aug 19 09:33:03 yoda kernel: [    1.720563] xhci_hcd 0000:00:14.0: hcc params 0x200077c1 hci version 0x100 quirks 0x00109810
Aug 19 09:33:03 yoda kernel: [    1.720566] xhci_hcd 0000:00:14.0: cache line size of 64 is not supported
Aug 19 09:33:03 yoda kernel: [    1.720618] usb usb2: New USB device found, idVendor=1d6b, idProduct=0002
Aug 19 09:33:03 yoda kernel: [    1.720619] usb usb2: New USB device strings: Mfr=3, Product=2, SerialNumber=1
Aug 19 09:33:03 yoda kernel: [    1.720620] usb usb2: Product: xHCI Host Controller
Aug 19 09:33:03 yoda kernel: [    1.720621] usb usb2: Manufacturer: Linux 4.4.0-66-generic xhci-hcd
Aug 19 09:33:03 yoda kernel: [    1.720622] usb usb2: SerialNumber: 0000:00:14.0
Aug 19 09:33:03 yoda kernel: [    1.720817] hub 2-0:1.0: USB hub found
Aug 19 09:33:03 yoda kernel: [    1.720830] hub 2-0:1.0: 12 ports detected
Aug 19 09:33:03 yoda kernel: [    1.727106] xhci_hcd 0000:00:14.0: xHCI Host Controller
Aug 19 09:33:03 yoda kernel: [    1.727108] xhci_hcd 0000:00:14.0: new USB bus registered, assigned bus number 3
Aug 19 09:33:03 yoda kernel: [    1.727126] usb usb3: New USB device found, idVendor=1d6b, idProduct=0003
Aug 19 09:33:03 yoda kernel: [    1.727127] usb usb3: New USB device strings: Mfr=3, Product=2, SerialNumber=1
Aug 19 09:33:03 yoda kernel: [    1.727128] usb usb3: Product: xHCI Host Controller
Aug 19 09:33:03 yoda kernel: [    1.727128] usb usb3: Manufacturer: Linux 4.4.0-66-generic xhci-hcd
Aug 19 09:33:03 yoda kernel: [    1.727129] usb usb3: SerialNumber: 0000:00:14.0
Aug 19 09:33:03 yoda kernel: [    1.727330] hub 3-0:1.0: USB hub found
Aug 19 09:33:03 yoda kernel: [    1.727338] hub 3-0:1.0: 6 ports detected
Aug 19 09:33:03 yoda kernel: [    1.730541] i8042: PNP: No PS/2 controller found. Probing ports directly.
Aug 19 09:33:03 yoda kernel: [    1.733547] serio: i8042 KBD port at 0x60,0x64 irq 1
Aug 19 09:33:03 yoda kernel: [    1.733551] serio: i8042 AUX port at 0x60,0x64 irq 12
Aug 19 09:33:03 yoda kernel: [    1.733902] mousedev: PS/2 mouse device common for all mice
Aug 19 09:33:03 yoda kernel: [    1.734440] rtc_cmos 00:06: RTC can wake from S4
Aug 19 09:33:03 yoda kernel: [    1.734835] rtc_cmos 00:06: rtc core: registered rtc_cmos as rtc0
Aug 19 09:33:03 yoda kernel: [    1.734913] rtc_cmos 00:06: alarms up to one month, y3k, 242 bytes nvram, hpet irqs
Aug 19 09:33:03 yoda kernel: [    1.734919] i2c /dev entries driver
Aug 19 09:33:03 yoda kernel: [    1.734990] device-mapper: uevent: version 1.0.3
Aug 19 09:33:03 yoda kernel: [    1.735135] device-mapper: ioctl: 4.34.0-ioctl (2015-10-28) initialised: dm-devel@redhat.com
Aug 19 09:33:03 yoda kernel: [    1.735151] Intel P-state driver initializing.
Aug 19 09:33:03 yoda kernel: [    1.735154] intel_pstate: HWP enabled
Aug 19 09:33:03 yoda kernel: [    1.739210] ledtrig-cpu: registered to indicate activity on CPUs
Aug 19 09:33:03 yoda kernel: [    1.740549] NET: Registered protocol family 10
Aug 19 09:33:03 yoda kernel: [    1.741004] NET: Registered protocol family 17
Aug 19 09:33:03 yoda kernel: [    1.741031] Key type dns_resolver registered
Aug 19 09:33:03 yoda kernel: [    1.741397] microcode: CPU0 sig=0x506e3, pf=0x2, revision=0x74
Aug 19 09:33:03 yoda kernel: [    1.741451] microcode: CPU1 sig=0x506e3, pf=0x2, revision=0x74
Aug 19 09:33:03 yoda kernel: [    1.741454] microcode: CPU2 sig=0x506e3, pf=0x2, revision=0x74
Aug 19 09:33:03 yoda kernel: [    1.741470] microcode: CPU3 sig=0x506e3, pf=0x2, revision=0x74
Aug 19 09:33:03 yoda kernel: [    1.741533] microcode: CPU4 sig=0x506e3, pf=0x2, revision=0x74
Aug 19 09:33:03 yoda kernel: [    1.741586] microcode: CPU5 sig=0x506e3, pf=0x2, revision=0x74
Aug 19 09:33:03 yoda kernel: [    1.741616] microcode: CPU6 sig=0x506e3, pf=0x2, revision=0x74
Aug 19 09:33:03 yoda kernel: [    1.741646] microcode: CPU7 sig=0x506e3, pf=0x2, revision=0x74
Aug 19 09:33:03 yoda kernel: [    1.741730] microcode: Microcode Update Driver: v2.01 <tigran@aivazian.fsnet.co.uk>, Peter Oruba
Aug 19 09:33:03 yoda kernel: [    1.742260] registered taskstats version 1
Aug 19 09:33:03 yoda kernel: [    1.742269] Loading compiled-in X.509 certificates
Aug 19 09:33:03 yoda kernel: [    1.742670] Loaded X.509 cert 'Build time autogenerated kernel key: 32ca4feee90b5cde51f5f8c0e024b22f8c679982'
Aug 19 09:33:03 yoda kernel: [    1.742681] zswap: loaded using pool lzo/zbud
Aug 19 09:33:03 yoda kernel: [    1.744722] Key type trusted registered
Aug 19 09:33:03 yoda kernel: [    1.748584] Key type encrypted registered
Aug 19 09:33:03 yoda kernel: [    1.748603] AppArmor: AppArmor sha1 policy hashing enabled
Aug 19 09:33:03 yoda kernel: [    1.987129] evm: HMAC attrs: 0x1
Aug 19 09:33:03 yoda kernel: [    1.988000]   Magic number: 15:637:481
Aug 19 09:33:03 yoda kernel: [    1.988349] rtc_cmos 00:06: setting system clock to 2019-08-19 12:29:04 UTC (1566217744)
Aug 19 09:33:03 yoda kernel: [    1.988688] BIOS EDD facility v0.16 2004-Jun-25, 0 devices found
Aug 19 09:33:03 yoda kernel: [    1.988689] EDD information not available.
Aug 19 09:33:03 yoda kernel: [    1.988789] PM: Hibernation image not present or could not be loaded.
Aug 19 09:33:03 yoda kernel: [    1.989729] Freeing unused kernel memory: 1488K (ffffffff81f45000 - ffffffff820b9000)
Aug 19 09:33:03 yoda kernel: [    1.989730] Write protecting the kernel read-only data: 14336k
Aug 19 09:33:03 yoda kernel: [    1.990593] Freeing unused kernel memory: 1776K (ffff880001844000 - ffff880001a00000)
Aug 19 09:33:03 yoda kernel: [    1.991008] Freeing unused kernel memory: 116K (ffff880001de3000 - ffff880001e00000)
Aug 19 09:33:03 yoda kernel: [    2.000810] random: systemd-udevd: uninitialized urandom read (16 bytes read, 9 bits of entropy available)
Aug 19 09:33:03 yoda kernel: [    2.000851] random: systemd-udevd: uninitialized urandom read (16 bytes read, 9 bits of entropy available)
Aug 19 09:33:03 yoda kernel: [    2.000857] random: systemd-udevd: uninitialized urandom read (16 bytes read, 9 bits of entropy available)
Aug 19 09:33:03 yoda kernel: [    2.000866] random: systemd-udevd: uninitialized urandom read (16 bytes read, 9 bits of entropy available)
Aug 19 09:33:03 yoda kernel: [    2.001178] random: udevadm: uninitialized urandom read (16 bytes read, 9 bits of entropy available)
Aug 19 09:33:03 yoda kernel: [    2.001190] random: udevadm: uninitialized urandom read (16 bytes read, 9 bits of entropy available)
Aug 19 09:33:03 yoda kernel: [    2.003826] random: systemd-udevd: uninitialized urandom read (16 bytes read, 9 bits of entropy available)
Aug 19 09:33:03 yoda kernel: [    2.003836] random: systemd-udevd: uninitialized urandom read (16 bytes read, 9 bits of entropy available)
Aug 19 09:33:03 yoda kernel: [    2.003840] random: systemd-udevd: uninitialized urandom read (16 bytes read, 9 bits of entropy available)
Aug 19 09:33:03 yoda kernel: [    2.004006] random: systemd-udevd: uninitialized urandom read (16 bytes read, 9 bits of entropy available)
Aug 19 09:33:03 yoda kernel: [    2.032587] FUJITSU Extended Socket Network Device Driver - version 1.0 - Copyright (c) 2015 FUJITSU LIMITED
Aug 19 09:33:03 yoda kernel: [    2.035658] hidraw: raw HID events driver (C) Jiri Kosina
Aug 19 09:33:03 yoda kernel: [    2.039343] usb 3-6: new SuperSpeed USB device number 2 using xhci_hcd
Aug 19 09:33:03 yoda kernel: [    2.041483] wmi: Mapper loaded
Aug 19 09:33:03 yoda kernel: [    2.061550] ahci 0000:00:17.0: version 3.0
Aug 19 09:33:03 yoda kernel: [    2.061783] ahci 0000:00:17.0: AHCI 0001.0301 32 slots 6 ports 6 Gbps 0x3f impl SATA mode
Aug 19 09:33:03 yoda kernel: [    2.061785] ahci 0000:00:17.0: flags: 64bit ncq sntf led clo only pio slum part ems deso sadm sds apst 
Aug 19 09:33:03 yoda kernel: [    2.063203] [drm] Initialized drm 1.1.0 20060810
Aug 19 09:33:03 yoda kernel: [    2.065420] r8169 Gigabit Ethernet driver 2.3LK-NAPI loaded
Aug 19 09:33:03 yoda kernel: [    2.065424] r8169 0000:07:00.0: can't disable ASPM; OS doesn't have ASPM control
Aug 19 09:33:03 yoda kernel: [    2.083812] AVX2 version of gcm_enc/dec engaged.
Aug 19 09:33:03 yoda kernel: [    2.083814] AES CTR mode by8 optimization enabled
Aug 19 09:33:03 yoda kernel: [    2.108116] scsi host0: ahci
Aug 19 09:33:03 yoda kernel: [    2.108566] scsi host1: ahci
Aug 19 09:33:03 yoda kernel: [    2.109052] scsi host2: ahci
Aug 19 09:33:03 yoda kernel: [    2.109555] scsi host3: ahci
Aug 19 09:33:03 yoda kernel: [    2.109938] scsi host4: ahci
Aug 19 09:33:03 yoda kernel: [    2.110352] scsi host5: ahci
Aug 19 09:33:03 yoda kernel: [    2.110385] ata1: SATA max UDMA/133 abar m2048@0xdf12b000 port 0xdf12b100 irq 129
Aug 19 09:33:03 yoda kernel: [    2.110389] ata2: SATA max UDMA/133 abar m2048@0xdf12b000 port 0xdf12b180 irq 129
Aug 19 09:33:03 yoda kernel: [    2.110393] ata3: SATA max UDMA/133 abar m2048@0xdf12b000 port 0xdf12b200 irq 129
Aug 19 09:33:03 yoda kernel: [    2.110398] ata4: SATA max UDMA/133 abar m2048@0xdf12b000 port 0xdf12b280 irq 129
Aug 19 09:33:03 yoda kernel: [    2.110399] ata5: SATA max UDMA/133 abar m2048@0xdf12b000 port 0xdf12b300 irq 129
Aug 19 09:33:03 yoda kernel: [    2.110400] ata6: SATA max UDMA/133 abar m2048@0xdf12b000 port 0xdf12b380 irq 129
Aug 19 09:33:03 yoda kernel: [    2.111836] [drm] Memory usable by graphics device = 4096M
Aug 19 09:33:03 yoda kernel: [    2.111837] [drm] Replacing VGA console driver
Aug 19 09:33:03 yoda kernel: [    2.114207] Console: switching to colour dummy device 80x25
Aug 19 09:33:03 yoda kernel: [    2.120493] [drm] Supports vblank timestamp caching Rev 2 (21.10.2013).
Aug 19 09:33:03 yoda kernel: [    2.120494] [drm] Driver supports precise vblank timestamp query.
Aug 19 09:33:03 yoda kernel: [    2.125066] [drm] Finished loading i915/skl_dmc_ver1.bin (v1.26)
Aug 19 09:33:03 yoda kernel: [    2.127999] r8169 0000:07:00.0 eth0: RTL8168ep/8111ep at 0xffffc90001bd6000, 70:85:c2:08:88:e9, XID 10200800 IRQ 131
Aug 19 09:33:03 yoda kernel: [    2.128001] r8169 0000:07:00.0 eth0: jumbo features [frames: 9200 bytes, tx checksumming: ko]
Aug 19 09:33:03 yoda kernel: [    2.129170] vgaarb: device changed decodes: PCI:0000:00:02.0,olddecodes=io+mem,decodes=io+mem:owns=io+mem
Aug 19 09:33:03 yoda kernel: [    2.134670] ACPI: Video Device [GFX0] (multi-head: yes  rom: no  post: no)
Aug 19 09:33:03 yoda kernel: [    2.135133] acpi device:0f: registered as cooling_device8
Aug 19 09:33:03 yoda kernel: [    2.135182] input: Video Bus as /devices/LNXSYSTM:00/LNXSYBUS:00/PNP0A08:00/LNXVIDEO:00/input/input6
Aug 19 09:33:03 yoda kernel: [    2.135315] [drm] Initialized i915_bpo 1.6.0 20160425 for 0000:00:02.0 on minor 0
Aug 19 09:33:03 yoda kernel: [    2.144171] r8169 0000:07:00.0 enp7s0f0: renamed from eth0
Aug 19 09:33:03 yoda kernel: [    2.290447] usb 3-6: New USB device found, idVendor=2109, idProduct=0812
Aug 19 09:33:03 yoda kernel: [    2.290448] usb 3-6: New USB device strings: Mfr=1, Product=2, SerialNumber=0
Aug 19 09:33:03 yoda kernel: [    2.290449] usb 3-6: Product: USB3.0 Hub             
Aug 19 09:33:03 yoda kernel: [    2.290450] usb 3-6: Manufacturer: VIA Labs, Inc.         
Aug 19 09:33:03 yoda kernel: [    2.293069] hub 3-6:1.0: USB hub found
Aug 19 09:33:03 yoda kernel: [    2.293750] hub 3-6:1.0: 4 ports detected
Aug 19 09:33:03 yoda kernel: [    2.416856] fbcon: inteldrmfb (fb0) is primary device
Aug 19 09:33:03 yoda kernel: [    2.427181] ata3: SATA link down (SStatus 4 SControl 300)
Aug 19 09:33:03 yoda kernel: [    2.427210] ata1: SATA link up 6.0 Gbps (SStatus 133 SControl 300)
Aug 19 09:33:03 yoda kernel: [    2.427243] ata2: SATA link down (SStatus 4 SControl 300)
Aug 19 09:33:03 yoda kernel: [    2.428037] ata1.00: ATA-10: WDC WD10EZEX-21WN4A0, 01.01A01, max UDMA/133
Aug 19 09:33:03 yoda kernel: [    2.428038] ata1.00: 1953525168 sectors, multi 16: LBA48 NCQ (depth 31/32), AA
Aug 19 09:33:03 yoda kernel: [    2.429016] ata1.00: configured for UDMA/133
Aug 19 09:33:03 yoda kernel: [    2.429754] scsi 0:0:0:0: Direct-Access     ATA      WDC WD10EZEX-21W 1A01 PQ: 0 ANSI: 5
Aug 19 09:33:03 yoda kernel: [    2.430213] sd 0:0:0:0: [sda] 1953525168 512-byte logical blocks: (1.00 TB/932 GiB)
Aug 19 09:33:03 yoda kernel: [    2.430214] sd 0:0:0:0: [sda] 4096-byte physical blocks
Aug 19 09:33:03 yoda kernel: [    2.430293] sd 0:0:0:0: [sda] Write Protect is off
Aug 19 09:33:03 yoda kernel: [    2.430294] sd 0:0:0:0: [sda] Mode Sense: 00 3a 00 00
Aug 19 09:33:03 yoda kernel: [    2.430298] sd 0:0:0:0: [sda] Write cache: enabled, read cache: enabled, doesn't support DPO or FUA
Aug 19 09:33:03 yoda kernel: [    2.430350] sd 0:0:0:0: Attached scsi generic sg0 type 0
Aug 19 09:33:03 yoda kernel: [    2.431062] ata5: SATA link down (SStatus 4 SControl 300)
Aug 19 09:33:03 yoda kernel: [    2.435137] ata4: SATA link down (SStatus 4 SControl 300)
Aug 19 09:33:03 yoda kernel: [    2.435253] ata6: SATA link down (SStatus 4 SControl 300)
Aug 19 09:33:03 yoda kernel: [    2.451285]  sda: sda1 sda2 < sda5 >
Aug 19 09:33:03 yoda kernel: [    2.451855] sd 0:0:0:0: [sda] Attached SCSI disk
Aug 19 09:33:03 yoda kernel: [    2.459113] usb 2-5: new high-speed USB device number 2 using xhci_hcd
Aug 19 09:33:03 yoda kernel: [    2.594262] usb 2-5: New USB device found, idVendor=2109, idProduct=2812
Aug 19 09:33:03 yoda kernel: [    2.594263] usb 2-5: New USB device strings: Mfr=1, Product=2, SerialNumber=0
Aug 19 09:33:03 yoda kernel: [    2.594263] usb 2-5: Product: USB2.0 Hub             
Aug 19 09:33:03 yoda kernel: [    2.594264] usb 2-5: Manufacturer: VIA Labs, Inc.         
Aug 19 09:33:03 yoda kernel: [    2.595156] hub 2-5:1.0: USB hub found
Aug 19 09:33:03 yoda kernel: [    2.596140] hub 2-5:1.0: 4 ports detected
Aug 19 09:33:03 yoda kernel: [    2.695478] clocksource: Switched to clocksource tsc
Aug 19 09:33:03 yoda kernel: [    2.774975] usb 2-6: new low-speed USB device number 3 using xhci_hcd
Aug 19 09:33:03 yoda kernel: [    2.795001] Console: switching to colour frame buffer device 480x135
Aug 19 09:33:03 yoda kernel: [    2.803877] i915_bpo 0000:00:02.0: fb0: inteldrmfb frame buffer device
Aug 19 09:33:03 yoda kernel: [    2.906354] usb 2-6: New USB device found, idVendor=192f, idProduct=0416
Aug 19 09:33:03 yoda kernel: [    2.906356] usb 2-6: New USB device strings: Mfr=0, Product=2, SerialNumber=0
Aug 19 09:33:03 yoda kernel: [    2.906357] usb 2-6: Product: USB Optical Mouse
Aug 19 09:33:03 yoda kernel: [    2.906518] usb 2-6: ep 0x81 - rounding interval to 64 microframes, ep desc says 80 microframes
Aug 19 09:33:03 yoda kernel: [    2.986940] usb 2-5.4: new full-speed USB device number 4 using xhci_hcd
Aug 19 09:33:03 yoda kernel: [    3.089573] usb 2-5.4: New USB device found, idVendor=24f0, idProduct=0140
Aug 19 09:33:03 yoda kernel: [    3.089575] usb 2-5.4: New USB device strings: Mfr=1, Product=2, SerialNumber=0
Aug 19 09:33:03 yoda kernel: [    3.089576] usb 2-5.4: Product: Das Keyboard
Aug 19 09:33:03 yoda kernel: [    3.089576] usb 2-5.4: Manufacturer: Metadot - Das Keyboard
Aug 19 09:33:03 yoda kernel: [    3.089739] usb 2-5.4: ep 0x82 - rounding interval to 64 microframes, ep desc says 80 microframes
Aug 19 09:33:03 yoda kernel: [    3.198919] usb 2-8: new high-speed USB device number 5 using xhci_hcd
Aug 19 09:33:03 yoda kernel: [    3.600161] usb 2-8: New USB device found, idVendor=046d, idProduct=0825
Aug 19 09:33:03 yoda kernel: [    3.600163] usb 2-8: New USB device strings: Mfr=0, Product=0, SerialNumber=2
Aug 19 09:33:03 yoda kernel: [    3.600164] usb 2-8: SerialNumber: 7370FA00
Aug 19 09:33:03 yoda kernel: [    3.605204] usbcore: registered new interface driver usbhid
Aug 19 09:33:03 yoda kernel: [    3.605205] usbhid: USB HID core driver
Aug 19 09:33:03 yoda kernel: [    3.606044] input: USB Optical Mouse as /devices/pci0000:00/0000:00:14.0/usb2/2-6/2-6:1.0/0003:192F:0416.0001/input/input7
Aug 19 09:33:03 yoda kernel: [    3.606104] hid-generic 0003:192F:0416.0001: input,hidraw0: USB HID v1.11 Mouse [USB Optical Mouse] on usb-0000:00:14.0-6/input0
Aug 19 09:33:03 yoda kernel: [    3.606157] input: Metadot - Das Keyboard Das Keyboard as /devices/pci0000:00/0000:00:14.0/usb2/2-5/2-5.4/2-5.4:1.0/0003:24F0:0140.0002/input/input8
Aug 19 09:33:03 yoda kernel: [    3.658916] hid-generic 0003:24F0:0140.0002: input,hidraw1: USB HID v1.10 Keyboard [Metadot - Das Keyboard Das Keyboard] on usb-0000:00:14.0-5.4/input0
Aug 19 09:33:03 yoda kernel: [    3.659539] input: Metadot - Das Keyboard Das Keyboard as /devices/pci0000:00/0000:00:14.0/usb2/2-5/2-5.4/2-5.4:1.1/0003:24F0:0140.0003/input/input9
Aug 19 09:33:03 yoda kernel: [    3.715159] hid-generic 0003:24F0:0140.0003: input,hidraw2: USB HID v1.10 Device [Metadot - Das Keyboard Das Keyboard] on usb-0000:00:14.0-5.4/input1
Aug 19 09:33:03 yoda kernel: [    3.795187] [drm] RC6 on
Aug 19 09:33:03 yoda kernel: [   13.983269] random: nonblocking pool is initialized
Aug 19 09:33:03 yoda kernel: [  218.164885] NET: Registered protocol family 38
Aug 19 09:33:03 yoda kernel: [  218.935881] raid6: sse2x1   gen() 14042 MB/s
Aug 19 09:33:03 yoda kernel: [  219.003874] raid6: sse2x1   xor() 10562 MB/s
Aug 19 09:33:03 yoda kernel: [  219.071869] raid6: sse2x2   gen() 17341 MB/s
Aug 19 09:33:03 yoda kernel: [  219.139866] raid6: sse2x2   xor() 12060 MB/s
Aug 19 09:33:03 yoda kernel: [  219.207859] raid6: sse2x4   gen() 18215 MB/s
Aug 19 09:33:03 yoda kernel: [  219.275851] raid6: sse2x4   xor() 13479 MB/s
Aug 19 09:33:03 yoda kernel: [  219.343842] raid6: avx2x1   gen() 27748 MB/s
Aug 19 09:33:03 yoda kernel: [  219.411841] raid6: avx2x2   gen() 32049 MB/s
Aug 19 09:33:03 yoda kernel: [  219.479833] raid6: avx2x4   gen() 33044 MB/s
Aug 19 09:33:03 yoda kernel: [  219.479833] raid6: using algorithm avx2x4 gen() 33044 MB/s
Aug 19 09:33:03 yoda kernel: [  219.479834] raid6: using avx2x2 recovery algorithm
Aug 19 09:33:03 yoda kernel: [  219.480711] xor: automatically using best checksumming function:
Aug 19 09:33:03 yoda kernel: [  219.519828]    avx       : 33798.000 MB/sec
Aug 19 09:33:03 yoda kernel: [  219.527195] Btrfs loaded
Aug 19 09:33:03 yoda kernel: [  228.066285] EXT4-fs (dm-1): mounted filesystem with ordered data mode. Opts: (null)
Aug 19 09:33:03 yoda kernel: [  230.455296] EXT4-fs (dm-1): re-mounted. Opts: errors=remount-ro
Aug 19 09:33:03 yoda kernel: [  230.769432] lp: driver loaded but no devices found
Aug 19 09:33:03 yoda kernel: [  230.778435] ppdev: user-space parallel port driver
Aug 19 09:33:03 yoda kernel: [  230.834187] parport_pc 00:01: reported by Plug and Play ACPI
Aug 19 09:33:03 yoda kernel: [  230.834247] parport0: PC-style at 0x378 (0x778), irq 5, dma 3 [PCSPP,TRISTATE,COMPAT,EPP,ECP,DMA]
Aug 19 09:33:03 yoda kernel: [  230.931167] lp0: using parport0 (interrupt-driven).
Aug 19 09:33:03 yoda kernel: [  232.550072] shpchp: Standard Hot Plug PCI Controller Driver version: 0.4
Aug 19 09:33:03 yoda kernel: [  232.747728] ipmi message handler version 39.2
Aug 19 09:33:03 yoda kernel: [  232.757273] IPMI System Interface driver.
Aug 19 09:33:03 yoda kernel: [  232.757284] ipmi_si 0000:07:00.3: probing via PCI
Aug 19 09:33:03 yoda kernel: [  232.757342] ipmi_si 0000:07:00.3: [io  0xe000-0xe0ff] regsize 1 spacing 1 irq 19
Aug 19 09:33:03 yoda kernel: [  232.757343] ipmi_si: Adding PCI-specified kcs state machine
Aug 19 09:33:03 yoda kernel: [  232.757352] ipmi_si: Trying PCI-specified kcs state machine at i/o address 0xe000, slave address 0x0, irq 19
Aug 19 09:33:03 yoda kernel: [  232.770769] Bluetooth: Core ver 2.21
Aug 19 09:33:03 yoda kernel: [  232.770776] NET: Registered protocol family 31
Aug 19 09:33:03 yoda kernel: [  232.770777] Bluetooth: HCI device and connection manager initialized
Aug 19 09:33:03 yoda kernel: [  232.770779] Bluetooth: HCI socket layer initialized
Aug 19 09:33:03 yoda kernel: [  232.770780] Bluetooth: L2CAP socket layer initialized
Aug 19 09:33:03 yoda kernel: [  232.770783] Bluetooth: SCO socket layer initialized
Aug 19 09:33:03 yoda kernel: [  233.375976] Bluetooth: HCI UART driver ver 2.3
Aug 19 09:33:03 yoda kernel: [  233.375978] Bluetooth: HCI UART protocol H4 registered
Aug 19 09:33:03 yoda kernel: [  233.375978] Bluetooth: HCI UART protocol BCSP registered
Aug 19 09:33:03 yoda kernel: [  233.375979] Bluetooth: HCI UART protocol LL registered
Aug 19 09:33:03 yoda kernel: [  233.375979] Bluetooth: HCI UART protocol ATH3K registered
Aug 19 09:33:03 yoda kernel: [  233.375980] Bluetooth: HCI UART protocol Three-wire (H5) registered
Aug 19 09:33:03 yoda kernel: [  233.375995] Bluetooth: HCI UART protocol Intel registered
Aug 19 09:33:03 yoda kernel: [  233.376001] Bluetooth: HCI UART protocol BCM registered
Aug 19 09:33:03 yoda kernel: [  233.376001] Bluetooth: HCI UART protocol QCA registered
Aug 19 09:33:03 yoda kernel: [  233.456790] mei_me 0000:00:16.0: enabling device (0000 -> 0002)
Aug 19 09:33:03 yoda kernel: [  233.636112] media: Linux media interface: v0.10
Aug 19 09:33:03 yoda kernel: [  233.682836] Linux video capture interface: v2.00
Aug 19 09:33:03 yoda kernel: [  233.903085] uvcvideo: Found UVC 1.00 device <unnamed> (046d:0825)
Aug 19 09:33:03 yoda kernel: [  233.992760] input: UVC Camera (046d:0825) as /devices/pci0000:00/0000:00:14.0/usb2/2-8/2-8:1.0/input/input10
Aug 19 09:33:03 yoda kernel: [  233.992806] usbcore: registered new interface driver uvcvideo
Aug 19 09:33:03 yoda kernel: [  233.992807] USB Video Class driver (1.1.1)
Aug 19 09:33:03 yoda kernel: [  234.034560] intel_rapl: Found RAPL domain package
Aug 19 09:33:03 yoda kernel: [  234.034562] intel_rapl: Found RAPL domain core
Aug 19 09:33:03 yoda kernel: [  234.034564] intel_rapl: Found RAPL domain uncore
Aug 19 09:33:03 yoda kernel: [  234.034565] intel_rapl: Found RAPL domain dram
Aug 19 09:33:03 yoda kernel: [  234.066382] snd_hda_intel 0000:00:1f.3: bound 0000:00:02.0 (ops i915_audio_component_bind_ops [i915_bpo])
Aug 19 09:33:03 yoda kernel: [  234.178284] snd_hda_codec_realtek hdaudioC0D0: autoconfig for ALC892: line_outs=1 (0x14/0x0/0x0/0x0/0x0) type:line
Aug 19 09:33:03 yoda kernel: [  234.178286] snd_hda_codec_realtek hdaudioC0D0:    speaker_outs=1 (0x15/0x0/0x0/0x0/0x0)
Aug 19 09:33:03 yoda kernel: [  234.178287] snd_hda_codec_realtek hdaudioC0D0:    hp_outs=1 (0x1b/0x0/0x0/0x0/0x0)
Aug 19 09:33:03 yoda kernel: [  234.178288] snd_hda_codec_realtek hdaudioC0D0:    mono: mono_out=0x0
Aug 19 09:33:03 yoda kernel: [  234.178288] snd_hda_codec_realtek hdaudioC0D0:    inputs:
Aug 19 09:33:03 yoda kernel: [  234.178289] snd_hda_codec_realtek hdaudioC0D0:      Front Mic=0x19
Aug 19 09:33:03 yoda kernel: [  234.178290] snd_hda_codec_realtek hdaudioC0D0:      Rear Mic=0x18
Aug 19 09:33:03 yoda kernel: [  234.178291] snd_hda_codec_realtek hdaudioC0D0:      Line=0x1a
Aug 19 09:33:03 yoda kernel: [  234.211453] input: HDA Intel PCH Front Mic as /devices/pci0000:00/0000:00:1f.3/sound/card0/input11
Aug 19 09:33:03 yoda kernel: [  234.211488] input: HDA Intel PCH Rear Mic as /devices/pci0000:00/0000:00:1f.3/sound/card0/input12
Aug 19 09:33:03 yoda kernel: [  234.211517] input: HDA Intel PCH Line as /devices/pci0000:00/0000:00:1f.3/sound/card0/input13
Aug 19 09:33:03 yoda kernel: [  234.211543] input: HDA Intel PCH Line Out as /devices/pci0000:00/0000:00:1f.3/sound/card0/input14
Aug 19 09:33:03 yoda kernel: [  234.211577] input: HDA Intel PCH Front Headphone as /devices/pci0000:00/0000:00:1f.3/sound/card0/input15
Aug 19 09:33:03 yoda kernel: [  234.211629] input: HDA Intel PCH HDMI/DP,pcm=3 as /devices/pci0000:00/0000:00:1f.3/sound/card0/input16
Aug 19 09:33:03 yoda kernel: [  234.211699] input: HDA Intel PCH HDMI/DP,pcm=7 as /devices/pci0000:00/0000:00:1f.3/sound/card0/input17
Aug 19 09:33:03 yoda kernel: [  234.211772] input: HDA Intel PCH HDMI/DP,pcm=8 as /devices/pci0000:00/0000:00:1f.3/sound/card0/input18
Aug 19 09:33:03 yoda kernel: [  234.999355] Adding 16441340k swap on /dev/mapper/mint--vg-swap_1.  Priority:-1 extents:1 across:16441340k FS
Aug 19 09:33:03 yoda kernel: [  235.335121] usb 2-8: set resolution quirk: cval->res = 384
Aug 19 09:33:03 yoda kernel: [  235.335466] usbcore: registered new interface driver snd-usb-audio
Aug 19 09:33:03 yoda kernel: [  238.517973] EXT4-fs (sda1): mounting ext2 file system using the ext4 subsystem
Aug 19 09:33:03 yoda kernel: [  238.570397] EXT4-fs (sda1): mounted filesystem without journal. Opts: (null)
Aug 19 09:33:03 yoda kernel: [  240.191577] cgroup: new mount options do not match the existing superblock, will be ignored
Aug 19 09:33:05 yoda NetworkManager[1135]: <info>  [1566217985.2289] NetworkManager (version 1.2.6) is starting...
Aug 19 09:33:05 yoda NetworkManager[1135]: <info>  [1566217985.2291] Read config: /etc/NetworkManager/NetworkManager.conf (etc: default-wifi-powersave-on.conf)
Aug 19 09:33:05 yoda NetworkManager[1135]: <info>  [1566217985.2422] manager[0x15041c0]: monitoring kernel firmware directory '/lib/firmware'.
Aug 19 09:33:05 yoda NetworkManager[1135]: <info>  [1566217985.2423] monitoring ifupdown state file '/run/network/ifstate'.
Aug 19 09:33:05 yoda NetworkManager[1135]: <info>  [1566217985.2899] dns-mgr[0x14e3960]: init: dns=dnsmasq, rc-manager=resolvconf, plugin=dnsmasq
Aug 19 09:33:05 yoda NetworkManager[1135]: <info>  [1566217985.8272] init!
Aug 19 09:33:05 yoda NetworkManager[1135]: <info>  [1566217985.8275] management mode: unmanaged
Aug 19 09:33:05 yoda NetworkManager[1135]: <info>  [1566217985.8277] devices added (path: /sys/devices/pci0000:00/0000:00:1d.3/0000:03:00.0/0000:04:05.0/0000:07:00.0/net/enp7s0f0, iface: enp7s0f0)
Aug 19 09:33:05 yoda NetworkManager[1135]: <info>  [1566217985.8277] device added (path: /sys/devices/pci0000:00/0000:00:1d.3/0000:03:00.0/0000:04:05.0/0000:07:00.0/net/enp7s0f0, iface: enp7s0f0): no ifupdown configuration found.
Aug 19 09:33:05 yoda NetworkManager[1135]: <info>  [1566217985.8277] devices added (path: /sys/devices/virtual/net/lo, iface: lo)
Aug 19 09:33:05 yoda NetworkManager[1135]: <info>  [1566217985.8277] device added (path: /sys/devices/virtual/net/lo, iface: lo): no ifupdown configuration found.
Aug 19 09:33:05 yoda NetworkManager[1135]: <info>  [1566217985.8277] end _init.
Aug 19 09:33:05 yoda NetworkManager[1135]: <info>  [1566217985.8277] settings: loaded plugin ifupdown: (C) 2008 Canonical Ltd.  To report bugs please use the NetworkManager mailing list. (/usr/lib/x86_64-linux-gnu/NetworkManager/libnm-settings-plugin-ifupdown.so)
Aug 19 09:33:05 yoda NetworkManager[1135]: <info>  [1566217985.8278] settings: loaded plugin keyfile: (c) 2007 - 2015 Red Hat, Inc.  To report bugs please use the NetworkManager mailing list.
Aug 19 09:33:05 yoda NetworkManager[1135]: <info>  [1566217985.8282] SettingsPlugin-Ofono: init!
Aug 19 09:33:05 yoda NetworkManager[1135]: <warn>  [1566217985.8282] SettingsPlugin-Ofono: file doesn't exist: /var/lib/ofono
Aug 19 09:33:05 yoda NetworkManager[1135]: <info>  [1566217985.8282] SettingsPlugin-Ofono: end _init.
Aug 19 09:33:05 yoda NetworkManager[1135]: <info>  [1566217985.8282] settings: loaded plugin ofono: (C) 2013-2016 Canonical Ltd.  To report bugs please use the NetworkManager mailing list. (/usr/lib/x86_64-linux-gnu/NetworkManager/libnm-settings-plugin-ofono.so)
Aug 19 09:33:05 yoda NetworkManager[1135]: <info>  [1566217985.8282] (22157216) ... get_connections.
Aug 19 09:33:05 yoda NetworkManager[1135]: <info>  [1566217985.8283] (22157216) ... get_connections (managed=false): return empty list.
Aug 19 09:33:05 yoda NetworkManager[1135]: <info>  [1566217985.8284] SettingsPlugin-Ofono: (22157440) ... get_connections.
Aug 19 09:33:05 yoda NetworkManager[1135]: <info>  [1566217985.8284] SettingsPlugin-Ofono: (22157440) connections count: 0
Aug 19 09:33:05 yoda NetworkManager[1135]: <info>  [1566217985.8284] get unmanaged devices count: 0
Aug 19 09:33:05 yoda NetworkManager[1135]: <info>  [1566217985.9871] settings: hostname: using hostnamed
Aug 19 09:33:05 yoda NetworkManager[1135]: <info>  [1566217985.9871] settings: hostname changed from (none) to "yoda"
Aug 19 09:33:05 yoda NetworkManager[1135]: <info>  [1566217985.9874] Using DHCP client 'dhclient'
